<html>
<body>
<pre>
<h1>礦ision Build Log</h1>
<h2>Tool Versions:</h2>
IDE-Version: μVision V5.24.2.0
Copyright (C) 2017 ARM Ltd and ARM Germany GmbH. All rights reserved.
License Information: li li'zi'han, 1, LIC=9WSKC-7Z427-II45V-PHPEK-96MJ0-V5QNQ
 
Tool Versions:
Toolchain:       MDK-ARM Plus  Version: 5.24.1
Toolchain Path:  C:\Keil_v5\ARM\ARMCC\Bin
C Compiler:      Armcc.exe V5.06 update 5 (build 528)
Assembler:       Armasm.exe V5.06 update 5 (build 528)
Linker/Locator:  ArmLink.exe V5.06 update 5 (build 528)
Library Manager: ArmAr.exe V5.06 update 5 (build 528)
Hex Converter:   FromElf.exe V5.06 update 5 (build 528)
CPU DLL:         SARMCM3.DLL V5.24.1
Dialog DLL:      DCM.DLL V1.16.0.0
Target DLL:      CMSIS_AGDI.dll V1.28.3.0
Dialog DLL:      TCM.DLL V1.32.0.0
 
<h2>Project:</h2>
C:\Users\li'zi'han\Desktop\bip\bipedal-robot\下位机代码\DM-robot-lower-limbs\MDK-ARM\CtrlBoard-H7_IMU.uvprojx
Project File Date:  06/30/2025

<h2>Output:</h2>
*** Using Compiler 'V5.06 update 5 (build 528)', folder: 'C:\Keil_v5\ARM\ARMCC\Bin'
Build target 'CtrlBoard-H7_IMU'
compiling dm_motor_drv.c...
..\User\Devices\DM_Motor\dm_motor_drv.c(555): warning:  #1-D: last line of file ends without a newline
  }
..\User\Devices\DM_Motor\dm_motor_drv.c(555): warning:  #940-D: missing return statement at end of non-void function "set_motor_zero_offset" 
  }
..\User\Devices\DM_Motor\dm_motor_drv.c: 2 warnings, 0 errors
linking...
Program Size: Code=67312 RO-data=1116 RW-data=484 ZI-data=45844  
FromELF: creating hex file...
"CtrlBoard-H7_IMU\CtrlBoard-H7_IMU.axf" - 0 Error(s), 2 Warning(s).

<h2>Software Packages used:</h2>

Package Vendor: ARM
                http://www.keil.com/pack/ARM.CMSIS.5.0.1.pack
                ARM.CMSIS.5.0.1
                CMSIS (Cortex Microcontroller Software Interface Standard)
   * Component: CORE Version: 5.0.1

Package Vendor: Keil
                http://www.keil.com/pack/Keil.STM32H7xx_DFP.3.0.0.pack
                Keil.STM32H7xx_DFP.3.0.0
                STMicroelectronics STM32H7 Series Device Support and Examples

<h2>Collection of Component include folders:</h2>
  .\RTE\_CtrlBoard-H7_IMU
  C:\Keil_v5\ARM\PACK\ARM\CMSIS\5.0.1\CMSIS\Include
  C:\Keil_v5\ARM\PACK\Keil\STM32H7xx_DFP\3.0.0\Drivers\CMSIS\Device\ST\STM32H7xx\Include

<h2>Collection of Component Files used:</h2>

   * Component: ARM::CMSIS:CORE:5.0.1
Build Time Elapsed:  00:00:04
</pre>
</body>
</html>
