Component: ARM Compiler 5.06 update 5 (build 528) Tool: armlink [4d35e2]

==============================================================================

Section Cross References

    startup_stm32h723xx.o(RESET) refers to startup_stm32h723xx.o(STACK) for __initial_sp
    startup_stm32h723xx.o(RESET) refers to startup_stm32h723xx.o(.text) for Reset_Handler
    startup_stm32h723xx.o(RESET) refers to stm32h7xx_it.o(i.NMI_Handler) for NMI_Handler
    startup_stm32h723xx.o(RESET) refers to stm32h7xx_it.o(i.HardFault_Handler) for HardFault_Handler
    startup_stm32h723xx.o(RESET) refers to stm32h7xx_it.o(i.MemManage_Handler) for MemManage_Handler
    startup_stm32h723xx.o(RESET) refers to stm32h7xx_it.o(i.BusFault_Handler) for BusFault_Handler
    startup_stm32h723xx.o(RESET) refers to stm32h7xx_it.o(i.UsageFault_Handler) for UsageFault_Handler
    startup_stm32h723xx.o(RESET) refers to port.o(.emb_text) for SVC_Handler
    startup_stm32h723xx.o(RESET) refers to stm32h7xx_it.o(i.DebugMon_Handler) for DebugMon_Handler
    startup_stm32h723xx.o(RESET) refers to port.o(i.SysTick_Handler) for SysTick_Handler
    startup_stm32h723xx.o(RESET) refers to stm32h7xx_it.o(i.DMA1_Stream0_IRQHandler) for DMA1_Stream0_IRQHandler
    startup_stm32h723xx.o(RESET) refers to stm32h7xx_it.o(i.DMA1_Stream1_IRQHandler) for DMA1_Stream1_IRQHandler
    startup_stm32h723xx.o(RESET) refers to stm32h7xx_it.o(i.DMA1_Stream2_IRQHandler) for DMA1_Stream2_IRQHandler
    startup_stm32h723xx.o(RESET) refers to stm32h7xx_it.o(i.DMA1_Stream3_IRQHandler) for DMA1_Stream3_IRQHandler
    startup_stm32h723xx.o(RESET) refers to stm32h7xx_it.o(i.DMA1_Stream4_IRQHandler) for DMA1_Stream4_IRQHandler
    startup_stm32h723xx.o(RESET) refers to stm32h7xx_it.o(i.FDCAN1_IT0_IRQHandler) for FDCAN1_IT0_IRQHandler
    startup_stm32h723xx.o(RESET) refers to stm32h7xx_it.o(i.FDCAN2_IT0_IRQHandler) for FDCAN2_IT0_IRQHandler
    startup_stm32h723xx.o(RESET) refers to stm32h7xx_it.o(i.TIM2_IRQHandler) for TIM2_IRQHandler
    startup_stm32h723xx.o(RESET) refers to stm32h7xx_it.o(i.SPI2_IRQHandler) for SPI2_IRQHandler
    startup_stm32h723xx.o(RESET) refers to stm32h7xx_it.o(i.USART1_IRQHandler) for USART1_IRQHandler
    startup_stm32h723xx.o(RESET) refers to stm32h7xx_it.o(i.OTG_HS_IRQHandler) for OTG_HS_IRQHandler
    startup_stm32h723xx.o(RESET) refers to stm32h7xx_it.o(i.FDCAN3_IT0_IRQHandler) for FDCAN3_IT0_IRQHandler
    startup_stm32h723xx.o(.text) refers to system_stm32h7xx.o(i.SystemInit) for SystemInit
    startup_stm32h723xx.o(.text) refers to entry.o(.ARM.Collect$$$$00000000) for __main
    main.o(i.HAL_TIM_PeriodElapsedCallback) refers to stm32h7xx_hal.o(i.HAL_IncTick) for HAL_IncTick
    main.o(i.PeriphCommonClock_Config) refers to memseta.o(.text) for __aeabi_memclr4
    main.o(i.PeriphCommonClock_Config) refers to stm32h7xx_hal_rcc_ex.o(i.HAL_RCCEx_PeriphCLKConfig) for HAL_RCCEx_PeriphCLKConfig
    main.o(i.PeriphCommonClock_Config) refers to main.o(i.Error_Handler) for Error_Handler
    main.o(i.SystemClock_Config) refers to memseta.o(.text) for __aeabi_memclr4
    main.o(i.SystemClock_Config) refers to stm32h7xx_hal_pwr_ex.o(i.HAL_PWREx_ConfigSupply) for HAL_PWREx_ConfigSupply
    main.o(i.SystemClock_Config) refers to stm32h7xx_hal_rcc.o(i.HAL_RCC_OscConfig) for HAL_RCC_OscConfig
    main.o(i.SystemClock_Config) refers to main.o(i.Error_Handler) for Error_Handler
    main.o(i.SystemClock_Config) refers to stm32h7xx_hal_rcc.o(i.HAL_RCC_ClockConfig) for HAL_RCC_ClockConfig
    main.o(i.main) refers to stm32h7xx_hal.o(i.HAL_Init) for HAL_Init
    main.o(i.main) refers to main.o(i.SystemClock_Config) for SystemClock_Config
    main.o(i.main) refers to main.o(i.PeriphCommonClock_Config) for PeriphCommonClock_Config
    main.o(i.main) refers to gpio.o(i.MX_GPIO_Init) for MX_GPIO_Init
    main.o(i.main) refers to dma.o(i.MX_DMA_Init) for MX_DMA_Init
    main.o(i.main) refers to spi.o(i.MX_SPI2_Init) for MX_SPI2_Init
    main.o(i.main) refers to tim.o(i.MX_TIM3_Init) for MX_TIM3_Init
    main.o(i.main) refers to usart.o(i.MX_USART1_UART_Init) for MX_USART1_UART_Init
    main.o(i.main) refers to fdcan.o(i.MX_FDCAN1_Init) for MX_FDCAN1_Init
    main.o(i.main) refers to fdcan.o(i.MX_FDCAN2_Init) for MX_FDCAN2_Init
    main.o(i.main) refers to fdcan.o(i.MX_FDCAN3_Init) for MX_FDCAN3_Init
    main.o(i.main) refers to adc.o(i.MX_ADC1_Init) for MX_ADC1_Init
    main.o(i.main) refers to tim.o(i.MX_TIM12_Init) for MX_TIM12_Init
    main.o(i.main) refers to stm32h7xx_hal_tim.o(i.HAL_TIM_PWM_Stop) for HAL_TIM_PWM_Stop
    main.o(i.main) refers to bsp_dwt.o(i.DWT_Init) for DWT_Init
    main.o(i.main) refers to stm32h7xx_hal_tim.o(i.HAL_TIM_Base_Start_IT) for HAL_TIM_Base_Start_IT
    main.o(i.main) refers to stm32h7xx_hal_gpio.o(i.HAL_GPIO_WritePin) for HAL_GPIO_WritePin
    main.o(i.main) refers to bsp_fdcan.o(i.bsp_fdcan_set_baud) for bsp_fdcan_set_baud
[...]
    HAL_PCD_MspInit                          0x08005fa9   Thumb Code   102  usbd_conf.o(i.HAL_PCD_MspInit)
    HAL_PCD_ResetCallback                    0x08006019   Thumb Code    48  usbd_conf.o(i.HAL_PCD_ResetCallback)
    HAL_PCD_ResumeCallback                   0x08006049   Thumb Code    14  usbd_conf.o(i.HAL_PCD_ResumeCallback)
    HAL_PCD_SOFCallback                      0x08006057   Thumb Code    14  usbd_conf.o(i.HAL_PCD_SOFCallback)
    HAL_PCD_SetAddress                       0x08006065   Thumb Code    52  stm32h7xx_hal_pcd.o(i.HAL_PCD_SetAddress)
    HAL_PCD_SetupStageCallback               0x08006099   Thumb Code    18  usbd_conf.o(i.HAL_PCD_SetupStageCallback)
    HAL_PCD_Start                            0x080060ab   Thumb Code    76  stm32h7xx_hal_pcd.o(i.HAL_PCD_Start)
    HAL_PCD_SuspendCallback                  0x080060f9   Thumb Code    46  usbd_conf.o(i.HAL_PCD_SuspendCallback)
    HAL_PWREx_ConfigSupply                   0x0800612d   Thumb Code    90  stm32h7xx_hal_pwr_ex.o(i.HAL_PWREx_ConfigSupply)
    HAL_PWREx_EnableUSBVoltageDetector       0x0800618d   Thumb Code    14  stm32h7xx_hal_pwr_ex.o(i.HAL_PWREx_EnableUSBVoltageDetector)
    HAL_RCCEx_GetD3PCLK1Freq                 0x080061a1   Thumb Code    26  stm32h7xx_hal_rcc_ex.o(i.HAL_RCCEx_GetD3PCLK1Freq)
    HAL_RCCEx_GetPLL1ClockFreq               0x080061c5   Thumb Code   536  stm32h7xx_hal_rcc_ex.o(i.HAL_RCCEx_GetPLL1ClockFreq)
    HAL_RCCEx_GetPLL2ClockFreq               0x080063f5   Thumb Code   536  stm32h7xx_hal_rcc_ex.o(i.HAL_RCCEx_GetPLL2ClockFreq)
    HAL_RCCEx_GetPLL3ClockFreq               0x08006625   Thumb Code   536  stm32h7xx_hal_rcc_ex.o(i.HAL_RCCEx_GetPLL3ClockFreq)
    HAL_RCCEx_GetPeriphCLKFreq               0x08006855   Thumb Code  1942  stm32h7xx_hal_rcc_ex.o(i.HAL_RCCEx_GetPeriphCLKFreq)
    HAL_RCCEx_PeriphCLKConfig                0x08007001   Thumb Code  3272  stm32h7xx_hal_rcc_ex.o(i.HAL_RCCEx_PeriphCLKConfig)
    HAL_RCC_ClockConfig                      0x08007cc9   Thumb Code   774  stm32h7xx_hal_rcc.o(i.HAL_RCC_ClockConfig)
    HAL_RCC_GetClockConfig                   0x08007fe9   Thumb Code    98  stm32h7xx_hal_rcc.o(i.HAL_RCC_GetClockConfig)
    HAL_RCC_GetHCLKFreq                      0x08008055   Thumb Code    60  stm32h7xx_hal_rcc.o(i.HAL_RCC_GetHCLKFreq)
    HAL_RCC_GetPCLK1Freq                     0x080080a1   Thumb Code    26  stm32h7xx_hal_rcc.o(i.HAL_RCC_GetPCLK1Freq)
    HAL_RCC_GetPCLK2Freq                     0x080080c5   Thumb Code    26  stm32h7xx_hal_rcc.o(i.HAL_RCC_GetPCLK2Freq)
    HAL_RCC_GetSysClockFreq                  0x080080e9   Thumb Code   524  stm32h7xx_hal_rcc.o(i.HAL_RCC_GetSysClockFreq)
    HAL_RCC_OscConfig                        0x08008315   Thumb Code  1874  stm32h7xx_hal_rcc.o(i.HAL_RCC_OscConfig)
    HAL_SPI_ErrorCallback                    0x08008a71   Thumb Code     2  stm32h7xx_hal_spi.o(i.HAL_SPI_ErrorCallback)
    HAL_SPI_IRQHandler                       0x08008a75   Thumb Code   648  stm32h7xx_hal_spi.o(i.HAL_SPI_IRQHandler)
    HAL_SPI_Init                             0x08008d01   Thumb Code   420  stm32h7xx_hal_spi.o(i.HAL_SPI_Init)
    HAL_SPI_MspInit                          0x08008eb1   Thumb Code   348  spi.o(i.HAL_SPI_MspInit)
    HAL_SPI_RxCpltCallback                   0x08009029   Thumb Code     2  stm32h7xx_hal_spi.o(i.HAL_SPI_RxCpltCallback)
    HAL_SPI_SuspendCallback                  0x0800902b   Thumb Code     2  stm32h7xx_hal_spi.o(i.HAL_SPI_SuspendCallback)
    HAL_SPI_TxCpltCallback                   0x0800902d   Thumb Code     2  stm32h7xx_hal_spi.o(i.HAL_SPI_TxCpltCallback)
    HAL_SPI_TxRxCpltCallback                 0x0800902f   Thumb Code     2  stm32h7xx_hal_spi.o(i.HAL_SPI_TxRxCpltCallback)
    HAL_TIMEx_Break2Callback                 0x08009031   Thumb Code     2  stm32h7xx_hal_tim_ex.o(i.HAL_TIMEx_Break2Callback)
    HAL_TIMEx_BreakCallback                  0x08009033   Thumb Code     2  stm32h7xx_hal_tim_ex.o(i.HAL_TIMEx_BreakCallback)
    HAL_TIMEx_CommutCallback                 0x08009035   Thumb Code     2  stm32h7xx_hal_tim_ex.o(i.HAL_TIMEx_CommutCallback)
    HAL_TIMEx_MasterConfigSynchronization    0x08009039   Thumb Code   190  stm32h7xx_hal_tim_ex.o(i.HAL_TIMEx_MasterConfigSynchronization)
    HAL_TIM_Base_Init                        0x0800911d   Thumb Code   110  stm32h7xx_hal_tim.o(i.HAL_TIM_Base_Init)
    HAL_TIM_Base_MspInit                     0x0800918b   Thumb Code     2  stm32h7xx_hal_tim.o(i.HAL_TIM_Base_MspInit)
    HAL_TIM_Base_Start_IT                    0x0800918d   Thumb Code   162  stm32h7xx_hal_tim.o(i.HAL_TIM_Base_Start_IT)
    HAL_TIM_IC_CaptureCallback               0x08009259   Thumb Code     2  stm32h7xx_hal_tim.o(i.HAL_TIM_IC_CaptureCallback)
    HAL_TIM_IRQHandler                       0x0800925b   Thumb Code   408  stm32h7xx_hal_tim.o(i.HAL_TIM_IRQHandler)
    HAL_TIM_MspPostInit                      0x080093f5   Thumb Code   144  tim.o(i.HAL_TIM_MspPostInit)
    HAL_TIM_OC_DelayElapsedCallback          0x08009495   Thumb Code     2  stm32h7xx_hal_tim.o(i.HAL_TIM_OC_DelayElapsedCallback)
    HAL_TIM_PWM_ConfigChannel                0x08009497   Thumb Code   368  stm32h7xx_hal_tim.o(i.HAL_TIM_PWM_ConfigChannel)
    HAL_TIM_PWM_Init                         0x08009607   Thumb Code   110  stm32h7xx_hal_tim.o(i.HAL_TIM_PWM_Init)
    HAL_TIM_PWM_MspInit                      0x08009675   Thumb Code    76  tim.o(i.HAL_TIM_PWM_MspInit)
    HAL_TIM_PWM_PulseFinishedCallback        0x080096cd   Thumb Code     2  stm32h7xx_hal_tim.o(i.HAL_TIM_PWM_PulseFinishedCallback)
    HAL_TIM_PWM_Stop                         0x080096d1   Thumb Code   208  stm32h7xx_hal_tim.o(i.HAL_TIM_PWM_Stop)
    HAL_TIM_PeriodElapsedCallback            0x080097b5   Thumb Code    18  main.o(i.HAL_TIM_PeriodElapsedCallback)
    HAL_TIM_TriggerCallback                  0x080097c7   Thumb Code     2  stm32h7xx_hal_tim.o(i.HAL_TIM_TriggerCallback)
    HAL_UARTEx_DisableFifoMode               0x080097c9   Thumb Code    78  stm32h7xx_hal_uart_ex.o(i.HAL_UARTEx_DisableFifoMode)
    HAL_UARTEx_ReceiveToIdle_DMA             0x08009817   Thumb Code    98  stm32h7xx_hal_uart_ex.o(i.HAL_UARTEx_ReceiveToIdle_DMA)
    HAL_UARTEx_RxEventCallback               0x08009879   Thumb Code     2  bsp_usart1.o(i.HAL_UARTEx_RxEventCallback)
    HAL_UARTEx_RxFifoFullCallback            0x0800987b   Thumb Code     2  stm32h7xx_hal_uart_ex.o(i.HAL_UARTEx_RxFifoFullCallback)
    HAL_UARTEx_SetRxFifoThreshold            0x0800987d   Thumb Code    94  stm32h7xx_hal_uart_ex.o(i.HAL_UARTEx_SetRxFifoThreshold)
    HAL_UARTEx_SetTxFifoThreshold            0x080098db   Thumb Code    94  stm32h7xx_hal_uart_ex.o(i.HAL_UARTEx_SetTxFifoThreshold)
    HAL_UARTEx_TxFifoEmptyCallback           0x08009939   Thumb Code     2  stm32h7xx_hal_uart_ex.o(i.HAL_UARTEx_TxFifoEmptyCallback)
    HAL_UARTEx_WakeupCallback                0x0800993b   Thumb Code     2  stm32h7xx_hal_uart_ex.o(i.HAL_UARTEx_WakeupCallback)
    HAL_UART_ErrorCallback                   0x0800993d   Thumb Code     2  stm32h7xx_hal_uart.o(i.HAL_UART_ErrorCallback)
    HAL_UART_IRQHandler                      0x08009941   Thumb Code  1172  stm32h7xx_hal_uart.o(i.HAL_UART_IRQHandler)
    HAL_UART_Init                            0x08009dd5   Thumb Code   120  stm32h7xx_hal_uart.o(i.HAL_UART_Init)
    HAL_UART_MspInit                         0x08009e4d   Thumb Code   278  usart.o(i.HAL_UART_MspInit)
    HAL_UART_RxCpltCallback                  0x08009f7d   Thumb Code     2  stm32h7xx_hal_uart.o(i.HAL_UART_RxCpltCallback)
    HAL_UART_RxHalfCpltCallback              0x08009f7f   Thumb Code     2  stm32h7xx_hal_uart.o(i.HAL_UART_RxHalfCpltCallback)
    HAL_UART_TxCpltCallback                  0x08009f81   Thumb Code     2  stm32h7xx_hal_uart.o(i.HAL_UART_TxCpltCallback)
    HardFault_Handler                        0x08009f83   Thumb Code     4  stm32h7xx_it.o(i.HardFault_Handler)
    MX_ADC1_Init                             0x0800a079   Thumb Code   180  adc.o(i.MX_ADC1_Init)
    MX_DMA_Init                              0x0800a139   Thumb Code   112  dma.o(i.MX_DMA_Init)
    MX_FDCAN1_Init                           0x0800a1ad   Thumb Code   126  fdcan.o(i.MX_FDCAN1_Init)
    MX_FDCAN2_Init                           0x0800a235   Thumb Code   128  fdcan.o(i.MX_FDCAN2_Init)
    MX_FDCAN3_Init                           0x0800a2bd   Thumb Code   128  fdcan.o(i.MX_FDCAN3_Init)
    MX_FREERTOS_Init                         0x0800a345   Thumb Code   150  freertos.o(i.MX_FREERTOS_Init)
    MX_GPIO_Init                             0x0800a3f9   Thumb Code   356  gpio.o(i.MX_GPIO_Init)
    MX_SPI2_Init                             0x0800a56d   Thumb Code    90  spi.o(i.MX_SPI2_Init)
    MX_TIM12_Init                            0x0800a5d1   Thumb Code   120  tim.o(i.MX_TIM12_Init)
    MX_TIM3_Init                             0x0800a651   Thumb Code   118  tim.o(i.MX_TIM3_Init)
    MX_USART1_UART_Init                      0x0800a6d1   Thumb Code    98  usart.o(i.MX_USART1_UART_Init)
    MX_USB_DEVICE_Init                       0x0800a73d   Thumb Code    64  usb_device.o(i.MX_USB_DEVICE_Init)
    MemManage_Handler                        0x0800a78d   Thumb Code     4  stm32h7xx_it.o(i.MemManage_Handler)
    NMI_Handler                              0x0800a791   Thumb Code     4  stm32h7xx_it.o(i.NMI_Handler)
    OTG_HS_IRQHandler                        0x0800a795   Thumb Code    10  stm32h7xx_it.o(i.OTG_HS_IRQHandler)
    PeriphCommonClock_Config                 0x0800aa03   Thumb Code    72  main.o(i.PeriphCommonClock_Config)
    SPI2_IRQHandler                          0x0800ad15   Thumb Code    10  stm32h7xx_it.o(i.SPI2_IRQHandler)
    StartDefaultTask                         0x0800ae43   Thumb Code    14  freertos.o(i.StartDefaultTask)
    SysTick_Handler                          0x0800ae51   Thumb Code    46  port.o(i.SysTick_Handler)
    SystemClock_Config                       0x0800ae85   Thumb Code   182  main.o(i.SystemClock_Config)
    SystemInit                               0x0800af41   Thumb Code   192  system_stm32h7xx.o(i.SystemInit)
    TIM2_IRQHandler                          0x0800b021   Thumb Code    10  stm32h7xx_it.o(i.TIM2_IRQHandler)
    TIM_Base_SetConfig                       0x0800b031   Thumb Code   198  stm32h7xx_hal_tim.o(i.TIM_Base_SetConfig)
    TIM_CCxChannelCmd                        0x0800b121   Thumb Code    34  stm32h7xx_hal_tim.o(i.TIM_CCxChannelCmd)
    TIM_OC2_SetConfig                        0x0800b1f1   Thumb Code   156  stm32h7xx_hal_tim.o(i.TIM_OC2_SetConfig)
    UART_AdvFeatureConfig                    0x0800b505   Thumb Code   248  stm32h7xx_hal_uart.o(i.UART_AdvFeatureConfig)
    UART_CheckIdleState                      0x0800b5fd   Thumb Code   234  stm32h7xx_hal_uart.o(i.UART_CheckIdleState)
    UART_SetConfig                           0x0800b90d   Thumb Code  1558  stm32h7xx_hal_uart.o(i.UART_SetConfig)
    UART_Start_Receive_DMA                   0x0800bf35   Thumb Code   186  stm32h7xx_hal_uart.o(i.UART_Start_Receive_DMA)
    UART_WaitOnFlagUntilTimeout              0x0800bffd   Thumb Code   172  stm32h7xx_hal_uart.o(i.UART_WaitOnFlagUntilTimeout)
    USART1_IRQHandler                        0x0800c0a9   Thumb Code    20  stm32h7xx_it.o(i.USART1_IRQHandler)
    USBD_CDC_GetDeviceQualifierDescriptor    0x0800c2f5   Thumb Code    10  usbd_cdc.o(i.USBD_CDC_GetDeviceQualifierDescriptor)
    USBD_CDC_ReceivePacket                   0x0800c575   Thumb Code    74  usbd_cdc.o(i.USBD_CDC_ReceivePacket)
    USBD_CDC_RegisterInterface               0x0800c5c5   Thumb Code    24  usbd_cdc.o(i.USBD_CDC_RegisterInterface)
    USBD_CDC_SetRxBuffer                     0x0800c5dd   Thumb Code    30  usbd_cdc.o(i.USBD_CDC_SetRxBuffer)
    USBD_CDC_SetTxBuffer                     0x0800c5fb   Thumb Code    36  usbd_cdc.o(i.USBD_CDC_SetTxBuffer)
    USBD_CDC_TransmitPacket                  0x0800c761   Thumb Code    86  usbd_cdc.o(i.USBD_CDC_TransmitPacket)
    USBD_ClrClassConfig                      0x0800c7bd   Thumb Code    28  usbd_core.o(i.USBD_ClrClassConfig)
    USBD_CoreFindEP                          0x0800c817   Thumb Code     6  usbd_core.o(i.USBD_CoreFindEP)
    USBD_CoreFindIF                          0x0800c81d   Thumb Code     6  usbd_core.o(i.USBD_CoreFindIF)
    USBD_CtlContinueRx                       0x0800c823   Thumb Code    24  usbd_ioreq.o(i.USBD_CtlContinueRx)
    USBD_CtlContinueSendData                 0x0800c83b   Thumb Code    24  usbd_ioreq.o(i.USBD_CtlContinueSendData)
    USBD_CtlError                            0x0800c853   Thumb Code    24  usbd_ctlreq.o(i.USBD_CtlError)
    USBD_CtlPrepareRx                        0x0800c86b   Thumb Code    40  usbd_ioreq.o(i.USBD_CtlPrepareRx)
    USBD_CtlReceiveStatus                    0x0800c893   Thumb Code    26  usbd_ioreq.o(i.USBD_CtlReceiveStatus)
    USBD_CtlSendData                         0x0800c8ad   Thumb Code    34  usbd_ioreq.o(i.USBD_CtlSendData)
    USBD_CtlSendStatus                       0x0800c8cf   Thumb Code    26  usbd_ioreq.o(i.USBD_CtlSendStatus)
    USBD_GetEpDesc                           0x0800cb71   Thumb Code    80  usbd_core.o(i.USBD_GetEpDesc)
    USBD_GetNextDesc                         0x0800cbd7   Thumb Code    20  usbd_core.o(i.USBD_GetNextDesc)
    USBD_GetString                           0x0800cc45   Thumb Code   104  usbd_ctlreq.o(i.USBD_GetString)
    USBD_Get_USB_Status                      0x0800ccad   Thumb Code    44  usbd_conf.o(i.USBD_Get_USB_Status)
    USBD_HS_ConfigStrDescriptor              0x0800ccd9   Thumb Code    34  usbd_desc.o(i.USBD_HS_ConfigStrDescriptor)
    USBD_HS_DeviceDescriptor                 0x0800cd0d   Thumb Code    10  usbd_desc.o(i.USBD_HS_DeviceDescriptor)
    USBD_HS_InterfaceStrDescriptor           0x0800cd1d   Thumb Code    34  usbd_desc.o(i.USBD_HS_InterfaceStrDescriptor)
    USBD_HS_LangIDStrDescriptor              0x0800cd55   Thumb Code    10  usbd_desc.o(i.USBD_HS_LangIDStrDescriptor)
    USBD_HS_ManufacturerStrDescriptor        0x0800cd65   Thumb Code    20  usbd_desc.o(i.USBD_HS_ManufacturerStrDescriptor)
    USBD_HS_ProductStrDescriptor             0x0800cd91   Thumb Code    34  usbd_desc.o(i.USBD_HS_ProductStrDescriptor)
    USBD_HS_SerialStrDescriptor              0x0800cdd1   Thumb Code    18  usbd_desc.o(i.USBD_HS_SerialStrDescriptor)
    USBD_Init                                0x0800cde9   Thumb Code    58  usbd_core.o(i.USBD_Init)
    USBD_LL_ClearStallEP                     0x0800ce23   Thumb Code    38  usbd_conf.o(i.USBD_LL_ClearStallEP)
    USBD_LL_CloseEP                          0x0800ce49   Thumb Code    38  usbd_conf.o(i.USBD_LL_CloseEP)
    USBD_LL_DataInStage                      0x0800ce6f   Thumb Code   264  usbd_core.o(i.USBD_LL_DataInStage)
    USBD_LL_DataOutStage                     0x0800cf77   Thumb Code   258  usbd_core.o(i.USBD_LL_DataOutStage)
    USBD_LL_DevConnected                     0x0800d079   Thumb Code     6  usbd_core.o(i.USBD_LL_DevConnected)
    USBD_LL_DevDisconnected                  0x0800d07f   Thumb Code    38  usbd_core.o(i.USBD_LL_DevDisconnected)
    USBD_LL_GetRxDataSize                    0x0800d0a5   Thumb Code    18  usbd_conf.o(i.USBD_LL_GetRxDataSize)
    USBD_LL_Init                             0x0800d0b9   Thumb Code   104  usbd_conf.o(i.USBD_LL_Init)
    USBD_LL_IsStallEP                        0x0800d129   Thumb Code    56  usbd_conf.o(i.USBD_LL_IsStallEP)
    USBD_LL_IsoINIncomplete                  0x0800d161   Thumb Code    72  usbd_core.o(i.USBD_LL_IsoINIncomplete)
    USBD_LL_IsoOUTIncomplete                 0x0800d1a9   Thumb Code    72  usbd_core.o(i.USBD_LL_IsoOUTIncomplete)
    USBD_LL_OpenEP                           0x0800d1f1   Thumb Code    48  usbd_conf.o(i.USBD_LL_OpenEP)
    USBD_LL_PrepareReceive                   0x0800d221   Thumb Code    48  usbd_conf.o(i.USBD_LL_PrepareReceive)
    USBD_LL_Reset                            0x0800d251   Thumb Code   108  usbd_core.o(i.USBD_LL_Reset)
    USBD_LL_Resume                           0x0800d2bd   Thumb Code    22  usbd_core.o(i.USBD_LL_Resume)
    USBD_LL_SOF                              0x0800d2d3   Thumb Code    40  usbd_core.o(i.USBD_LL_SOF)
    USBD_LL_SetSpeed                         0x0800d2fb   Thumb Code     8  usbd_core.o(i.USBD_LL_SetSpeed)
    USBD_LL_SetUSBAddress                    0x0800d303   Thumb Code    38  usbd_conf.o(i.USBD_LL_SetUSBAddress)
    USBD_LL_SetupStage                       0x0800d329   Thumb Code   118  usbd_core.o(i.USBD_LL_SetupStage)
    USBD_LL_StallEP                          0x0800d39f   Thumb Code    38  usbd_conf.o(i.USBD_LL_StallEP)
    USBD_LL_Start                            0x0800d3c5   Thumb Code    30  usbd_conf.o(i.USBD_LL_Start)
    USBD_LL_Suspend                          0x0800d3e3   Thumb Code    28  usbd_core.o(i.USBD_LL_Suspend)
    USBD_LL_Transmit                         0x0800d3ff   Thumb Code    48  usbd_conf.o(i.USBD_LL_Transmit)
    USBD_ParseSetupRequest                   0x0800d42f   Thumb Code    54  usbd_ctlreq.o(i.USBD_ParseSetupRequest)
    USBD_RegisterClass                       0x0800d465   Thumb Code    72  usbd_core.o(i.USBD_RegisterClass)
    USBD_RunTestMode                         0x0800d4ad   Thumb Code     6  usbd_core.o(i.USBD_RunTestMode)
    USBD_SetClassConfig                      0x0800d50d   Thumb Code    32  usbd_core.o(i.USBD_SetClassConfig)
    USBD_Start                               0x0800d669   Thumb Code    12  usbd_core.o(i.USBD_Start)
    USBD_StdDevReq                           0x0800d675   Thumb Code   174  usbd_ctlreq.o(i.USBD_StdDevReq)
    USBD_StdEPReq                            0x0800d723   Thumb Code   640  usbd_ctlreq.o(i.USBD_StdEPReq)
    USBD_StdItfReq                           0x0800d9a3   Thumb Code   174  usbd_ctlreq.o(i.USBD_StdItfReq)
    USBD_static_free                         0x0800da51   Thumb Code     2  usbd_conf.o(i.USBD_static_free)
    USBD_static_malloc                       0x0800da55   Thumb Code     6  usbd_conf.o(i.USBD_static_malloc)
    USB_ActivateEndpoint                     0x0800da61   Thumb Code   202  stm32h7xx_ll_usb.o(i.USB_ActivateEndpoint)
    USB_ActivateSetup                        0x0800db31   Thumb Code    40  stm32h7xx_ll_usb.o(i.USB_ActivateSetup)
    USB_CoreInit                             0x0800db59   Thumb Code   150  stm32h7xx_ll_usb.o(i.USB_CoreInit)
    USB_DeactivateEndpoint                   0x0800dc4d   Thumb Code   318  stm32h7xx_ll_usb.o(i.USB_DeactivateEndpoint)
    USB_DevConnect                           0x0800dd99   Thumb Code    36  stm32h7xx_ll_usb.o(i.USB_DevConnect)
    USB_DevDisconnect                        0x0800ddbd   Thumb Code    36  stm32h7xx_ll_usb.o(i.USB_DevDisconnect)
    USB_DevInit                              0x0800dde1   Thumb Code   472  stm32h7xx_ll_usb.o(i.USB_DevInit)
    USB_DisableGlobalInt                     0x0800dfc1   Thumb Code    14  stm32h7xx_ll_usb.o(i.USB_DisableGlobalInt)
    USB_EP0_OutStart                         0x0800dfd1   Thumb Code   106  stm32h7xx_ll_usb.o(i.USB_EP0_OutStart)
    USB_EPClearStall                         0x0800e041   Thumb Code   142  stm32h7xx_ll_usb.o(i.USB_EPClearStall)
    USB_EPSetStall                           0x0800e0cf   Thumb Code   154  stm32h7xx_ll_usb.o(i.USB_EPSetStall)
    USB_EPStartXfer                          0x0800e169   Thumb Code   944  stm32h7xx_ll_usb.o(i.USB_EPStartXfer)
    USB_EPStopXfer                           0x0800e51d   Thumb Code   236  stm32h7xx_ll_usb.o(i.USB_EPStopXfer)
    USB_EnableGlobalInt                      0x0800e609   Thumb Code    14  stm32h7xx_ll_usb.o(i.USB_EnableGlobalInt)
    USB_FlushRxFifo                          0x0800e617   Thumb Code    80  stm32h7xx_ll_usb.o(i.USB_FlushRxFifo)
    USB_FlushTxFifo                          0x0800e667   Thumb Code    84  stm32h7xx_ll_usb.o(i.USB_FlushTxFifo)
    USB_GetDevSpeed                          0x0800e6bb   Thumb Code    38  stm32h7xx_ll_usb.o(i.USB_GetDevSpeed)
    USB_GetMode                              0x0800e6e1   Thumb Code    10  stm32h7xx_ll_usb.o(i.USB_GetMode)
    USB_ReadDevAllInEpInterrupt              0x0800e6eb   Thumb Code    20  stm32h7xx_ll_usb.o(i.USB_ReadDevAllInEpInterrupt)
    USB_ReadDevAllOutEpInterrupt             0x0800e6ff   Thumb Code    20  stm32h7xx_ll_usb.o(i.USB_ReadDevAllOutEpInterrupt)
    USB_ReadDevInEPInterrupt                 0x0800e713   Thumb Code    50  stm32h7xx_ll_usb.o(i.USB_ReadDevInEPInterrupt)
    USB_ReadDevOutEPInterrupt                0x0800e745   Thumb Code    26  stm32h7xx_ll_usb.o(i.USB_ReadDevOutEPInterrupt)
    USB_ReadInterrupts                       0x0800e75f   Thumb Code    10  stm32h7xx_ll_usb.o(i.USB_ReadInterrupts)
    USB_ReadPacket                           0x0800e769   Thumb Code    96  stm32h7xx_ll_usb.o(i.USB_ReadPacket)
    USB_SetCurrentMode                       0x0800e7c9   Thumb Code   104  stm32h7xx_ll_usb.o(i.USB_SetCurrentMode)
    USB_SetDevAddress                        0x0800e831   Thumb Code    42  stm32h7xx_ll_usb.o(i.USB_SetDevAddress)
    USB_SetDevSpeed                          0x0800e85b   Thumb Code    18  stm32h7xx_ll_usb.o(i.USB_SetDevSpeed)
    USB_SetTurnaroundTime                    0x0800e86d   Thumb Code   192  stm32h7xx_ll_usb.o(i.USB_SetTurnaroundTime)
    USB_WritePacket                          0x0800e955   Thumb Code    68  stm32h7xx_ll_usb.o(i.USB_WritePacket)
    UsageFault_Handler                       0x0800e999   Thumb Code     4  stm32h7xx_it.o(i.UsageFault_Handler)
    __scatterload_copy                       0x0800e9d5   Thumb Code    14  handlers.o(i.__scatterload_copy)
    __scatterload_null                       0x0800e9e3   Thumb Code     2  handlers.o(i.__scatterload_null)
    __scatterload_zeroinit                   0x0800e9e5   Thumb Code    14  handlers.o(i.__scatterload_zeroinit)
    bsp_can_init                             0x0800e9f5   Thumb Code    70  bsp_fdcan.o(i.bsp_can_init)
    bsp_fdcan_set_baud                       0x0800ea4d   Thumb Code   302  bsp_fdcan.o(i.bsp_fdcan_set_baud)
    can1_filter_init                         0x0800eb7d   Thumb Code    62  bsp_fdcan.o(i.can1_filter_init)
    can2_filter_init                         0x0800ebc1   Thumb Code    62  bsp_fdcan.o(i.can2_filter_init)
    can3_filter_init                         0x0800ec05   Thumb Code    62  bsp_fdcan.o(i.can3_filter_init)
    dm4340_fbdata_motor                      0x0800ec49   Thumb Code   110  dm_motor_drv.o(i.dm4340_fbdata_motor)
    dm4340_fbdata_set                        0x0800ecb9   Thumb Code    70  dm_motor_drv.o(i.dm4340_fbdata_set)
    dm_motor_ctrl_send                       0x0800ed09   Thumb Code   162  dm_motor_drv.o(i.dm_motor_ctrl_send)
    dm_motor_enable                          0x0800edab   Thumb Code    86  dm_motor_drv.o(i.dm_motor_enable)
    dm_motor_fbdata                          0x0800ee01   Thumb Code   182  dm_motor_drv.o(i.dm_motor_fbdata)
    dm_motor_init                            0x0800eeb9   Thumb Code   234  dm_motor_ctrl.o(i.dm_motor_init)
    enable_motor_mode                        0x0800efad   Thumb Code    66  dm_motor_drv.o(i.enable_motor_mode)
    fdcan1_rx_callback                       0x0800eff1   Thumb Code   296  dm_motor_ctrl.o(i.fdcan1_rx_callback)
    fdcan2_rx_callback                       0x0800f13d   Thumb Code   296  dm_motor_ctrl.o(i.fdcan2_rx_callback)
    fdcan3_rx_callback                       0x0800f289   Thumb Code    66  dm_motor_ctrl.o(i.fdcan3_rx_callback)
    fdcanx_receive                           0x0800f2d9   Thumb Code   118  bsp_fdcan.o(i.fdcanx_receive)
    fdcanx_send_data                         0x0800f34f   Thumb Code   138  bsp_fdcan.o(i.fdcanx_send_data)
    float_to_uint                            0x0800f3d9   Thumb Code    50  dm_motor_drv.o(i.float_to_uint)
    main                                     0x0800f40d   Thumb Code   138  main.o(i.main)
    mit_ctrl                                 0x0800f4bd   Thumb Code   274  dm_motor_drv.o(i.mit_ctrl)
    osDelay                                  0x0800f5d9   Thumb Code    24  cmsis_os.o(i.osDelay)
    osKernelStart                            0x0800f5f1   Thumb Code    10  cmsis_os.o(i.osKernelStart)
    osThreadCreate                           0x0800f5fb   Thumb Code    48  cmsis_os.o(i.osThreadCreate)
    pos_ctrl                                 0x0800f62b   Thumb Code    92  dm_motor_drv.o(i.pos_ctrl)
    psi_ctrl                                 0x0800facd   Thumb Code   152  dm_motor_drv.o(i.psi_ctrl)
    pvPortMalloc                             0x0800fb6d   Thumb Code   306  heap_4.o(i.pvPortMalloc)
    pxPortInitialiseStack                    0x0800fcb9   Thumb Code    38  port.o(i.pxPortInitialiseStack)
    receive_motor_data                       0x0800fce5   Thumb Code   880  dm_motor_ctrl.o(i.receive_motor_data)
    save_motor_data                          0x08010055   Thumb Code    42  dm_motor_drv.o(i.save_motor_data)
    set_motor_zero_offset                    0x08010089   Thumb Code   202  dm_motor_drv.o(i.set_motor_zero_offset)
    spd_ctrl                                 0x0801016d   Thumb Code    60  dm_motor_drv.o(i.spd_ctrl)
    uint_to_float                            0x080101a9   Thumb Code    52  dm_motor_drv.o(i.uint_to_float)
    uxListRemove                             0x080101dd   Thumb Code    40  list.o(i.uxListRemove)
    vListInitialise                          0x08010205   Thumb Code    26  list.o(i.vListInitialise)
    vListInitialiseItem                      0x0801021f   Thumb Code     6  list.o(i.vListInitialiseItem)
    vListInsert                              0x08010225   Thumb Code    52  list.o(i.vListInsert)
    vListInsertEnd                           0x08010259   Thumb Code    24  list.o(i.vListInsertEnd)
    vPortEnterCritical                       0x08010271   Thumb Code    76  port.o(i.vPortEnterCritical)
    vPortExitCritical                        0x080102c5   Thumb Code    56  port.o(i.vPortExitCritical)
    vPortFree                                0x08010301   Thumb Code   150  heap_4.o(i.vPortFree)
    vPortSetupTimerInterrupt                 0x080103a5   Thumb Code    36  port.o(i.vPortSetupTimerInterrupt)
    vTaskDelay                               0x080103cd   Thumb Code    82  tasks.o(i.vTaskDelay)
    vTaskStartScheduler                      0x08010429   Thumb Code   108  tasks.o(i.vTaskStartScheduler)
    vTaskSuspendAll                          0x080104b1   Thumb Code    12  tasks.o(i.vTaskSuspendAll)
    vTaskSwitchContext                       0x080104c1   Thumb Code   118  tasks.o(i.vTaskSwitchContext)
    write_motor_data                         0x0801054d   Thumb Code    78  dm_motor_drv.o(i.write_motor_data)
    xPortStartScheduler                      0x080105a9   Thumb Code   330  port.o(i.xPortStartScheduler)
    xTaskCreate                              0x08010711   Thumb Code    96  tasks.o(i.xTaskCreate)
    xTaskIncrementTick                       0x08010771   Thumb Code   282  tasks.o(i.xTaskIncrementTick)
    xTaskResumeAll                           0x080108b9   Thumb Code   224  tasks.o(i.xTaskResumeAll)
    UARTPrescTable                           0x08010a98   Data          24  stm32h7xx_hal_uart.o(.constdata)
    D1CorePrescTable                         0x08010ac0   Data          16  system_stm32h7xx.o(.constdata)
    Region$$Table$$Base                      0x08010b2c   Number         0  anon$$obj.o(Region$$Table)
    Region$$Table$$Limit                     0x08010b4c   Number         0  anon$$obj.o(Region$$Table)
    defaultTaskHandle                        0x24000000   Data           4  freertos.o(.data)
    CHASSISR_TASKHandle                      0x24000004   Data           4  freertos.o(.data)
    CHASSISRB_TASKHandle                     0x24000008   Data           4  freertos.o(.data)
    CHASSISL_TASKHandle                      0x2400000c   Data           4  freertos.o(.data)
    CHASSISLB_TASKHandle                     0x24000010   Data           4  freertos.o(.data)
    CONNECT_TASKHandle                       0x24000014   Data           4  freertos.o(.data)
    uwTick                                   0x2400001c   Data           4  stm32h7xx_hal.o(.data)
    uwTickPrio                               0x24000020   Data           4  stm32h7xx_hal.o(.data)
    uwTickFreq                               0x24000024   Data           1  stm32h7xx_hal.o(.data)
    SystemCoreClock                          0x24000028   Data           4  system_stm32h7xx.o(.data)
    SystemD2Clock                            0x2400002c   Data           4  system_stm32h7xx.o(.data)
    pxCurrentTCB                             0x24000030   Data           4  tasks.o(.data)
    OBSERVE_TIME                             0x24000098   Data           4  connect_task.o(.data)
    SysTime                                  0x240000a0   Data           8  bsp_dwt.o(.data)
    CYCCNT64                                 0x240000c0   Data           8  bsp_dwt.o(.data)
    HS_Desc                                  0x240000e0   Data          32  usbd_desc.o(.data)
    USBD_HS_DeviceDesc                       0x24000100   Data          18  usbd_desc.o(.data)
    USBD_HS_BOSDesc                          0x24000114   Data          12  usbd_desc.o(.data)
    USBD_LangIDDesc                          0x24000120   Data           4  usbd_desc.o(.data)
    USBD_StringSerial                        0x24000124   Data          26  usbd_desc.o(.data)
    USBD_Interface_fops_HS                   0x24000140   Data          20  usbd_cdc_if.o(.data)
    USBD_CDC                                 0x24000164   Data          56  usbd_cdc.o(.data)
    hadc1                                    0x240001e4   Data         112  adc.o(.bss)
    hdma_adc1                                0x24000254   Data         120  adc.o(.bss)
    hfdcan1                                  0x240002cc   Data         160  fdcan.o(.bss)
    hfdcan2                                  0x2400036c   Data         160  fdcan.o(.bss)
    hfdcan3                                  0x2400040c   Data         160  fdcan.o(.bss)
    hspi2                                    0x240004ac   Data         136  spi.o(.bss)
    hdma_spi2_rx                             0x24000534   Data         120  spi.o(.bss)
    hdma_spi2_tx                             0x240005ac   Data         120  spi.o(.bss)
    htim3                                    0x24000624   Data          76  tim.o(.bss)
    htim12                                   0x24000670   Data          76  tim.o(.bss)
    huart1                                   0x240006bc   Data         148  usart.o(.bss)
    hdma_usart1_rx                           0x24000750   Data         120  usart.o(.bss)
    hdma_usart1_tx                           0x240007c8   Data         120  usart.o(.bss)
    htim2                                    0x24000840   Data          76  stm32h7xx_hal_timebase_tim.o(.bss)
    motor                                    0x24000890   Data        3808  dm_motor_ctrl.o(.bss)
    rec_t                                    0x24001770   Data          24  dm_motor_ctrl.o(.bss)
    send_data                                0x24009078   Data          52  bsp_usart1.o(.bss)
    send_data2                               0x240090ac   Data          52  bsp_usart1.o(.bss)
    rev_data                                 0x240090e0   Data          51  bsp_usart1.o(.bss)
    hUsbDeviceHS                             0x24009114   Data         732  usb_device.o(.bss)
    USBD_StrDesc                             0x240093f0   Data         512  usbd_desc.o(.bss)
    UserRxBufferHS                           0x240095f0   Data        2048  usbd_cdc_if.o(.bss)
    UserTxBufferHS                           0x24009df0   Data        2048  usbd_cdc_if.o(.bss)
    hpcd_USB_OTG_HS                          0x2400a5f0   Data        1252  usbd_conf.o(.bss)
    __initial_sp                             0x2400b4f8   Data           0  startup_stm32h723xx.o(STACK)



==============================================================================

Memory Map of the image

  Image Entry point : 0x080002cd

  Load Region LR_IROM1 (Base: 0x08000000, Size: 0x00010d30, Max: 0x00100000, ABSOLUTE, COMPRESSED[0x00010c18])

    Execution Region ER_IROM1 (Exec base: 0x08000000, Load base: 0x08000000, Size: 0x00010b4c, Max: 0x00100000, ABSOLUTE)

    Exec Addr    Load Addr    Size         Type   Attr      Idx    E Section Name        Object

    0x08000000   0x08000000   0x000002cc   Data   RO            3    RESET               startup_stm32h723xx.o
    0x080002cc   0x080002cc   0x00000000   Code   RO        10646  * .ARM.Collect$$$$00000000  mc_w.l(entry.o)
    0x080002cc   0x080002cc   0x00000004   Code   RO        10703    .ARM.Collect$$$$00000001  mc_w.l(entry2.o)
    0x080002d0   0x080002d0   0x00000004   Code   RO        10706    .ARM.Collect$$$$00000004  mc_w.l(entry5.o)
    0x080002d4   0x080002d4   0x00000000   Code   RO        10708    .ARM.Collect$$$$00000008  mc_w.l(entry7b.o)
    0x080002d4   0x080002d4   0x00000000   Code   RO        10710    .ARM.Collect$$$$0000000A  mc_w.l(entry8b.o)
    0x080002d4   0x080002d4   0x00000008   Code   RO        10711    .ARM.Collect$$$$0000000B  mc_w.l(entry9a.o)
    0x080002dc   0x080002dc   0x00000000   Code   RO        10713    .ARM.Collect$$$$0000000D  mc_w.l(entry10a.o)
    0x080002dc   0x080002dc   0x00000000   Code   RO        10715    .ARM.Collect$$$$0000000F  mc_w.l(entry11a.o)
    0x080002dc   0x080002dc   0x00000004   Code   RO        10704    .ARM.Collect$$$$00002712  mc_w.l(entry2.o)
    0x080002e0   0x080002e0   0x000000be   Code   RO         9113    .emb_text           port.o
    0x0800039e   0x0800039e   0x00000002   PAD
    0x080003a0   0x080003a0   0x00000024   Code   RO            4    .text               startup_stm32h723xx.o
    0x080003c4   0x080003c4   0x00000062   Code   RO        10649    .text               mc_w.l(uldiv.o)
    0x08000426   0x08000426   0x00000024   Code   RO        10651    .text               mc_w.l(memcpya.o)
    0x0800044a   0x0800044a   0x00000024   Code   RO        10655    .text               mc_w.l(memseta.o)
    0x0800046e   0x0800046e   0x0000001e   Code   RO        10717    .text               mc_w.l(llshl.o)
    0x0800048c   0x0800048c   0x00000020   Code   RO        10719    .text               mc_w.l(llushr.o)
    0x080004ac   0x080004ac   0x00000024   Code   RO        10731    .text               mc_w.l(init.o)
    0x080004d0   0x080004d0   0x00000056   Code   RO        10741    .text               mc_w.l(__dczerorl2.o)
    0x08000526   0x08000526   0x00000002   PAD
    0x08000528   0x08000528   0x00000130   Code   RO         4052    i.ADC_ConfigureBoostMode  stm32h7xx_hal_adc.o
    0x08000658   0x08000658   0x00000004   Code   RO          720    i.BusFault_Handler  stm32h7xx_it.o
    0x0800065c   0x0800065c   0x00000044   Code   RO         9836    i.CDC_Control_HS    usbd_cdc_if.o
    0x080006a0   0x080006a0   0x00000004   Code   RO         9837    i.CDC_DeInit_HS     usbd_cdc_if.o
    0x080006a4   0x080006a4   0x00000024   Code   RO         9838    i.CDC_Init_HS       usbd_cdc_if.o
    0x080006c8   0x080006c8   0x0000009c   Code   RO         9839    i.CDC_Receive_HS    usbd_cdc_if.o
    0x08000764   0x08000764   0x0000000c   Code   RO         9840    i.CDC_TransmitCplt_HS  usbd_cdc_if.o
    0x08000770   0x08000770   0x00000044   Code   RO         9841    i.CDC_Transmit_HS   usbd_cdc_if.o
    0x080007b4   0x080007b4   0x00000008   Code   RO          355    i.CONNECT_Task      freertos.o
    0x080007bc   0x080007bc   0x00000008   Code   RO          356    i.ChassisLB_Task    freertos.o
    0x080007c4   0x080007c4   0x000000a8   Code   RO         9241    i.ChassisLB_task    chassislb_task.o
    0x0800086c   0x0800086c   0x00000008   Code   RO          357    i.ChassisL_Task     freertos.o
    0x08000874   0x08000874   0x00000084   Code   RO         9193    i.ChassisL_task     chassisl_task.o
    0x080008f8   0x080008f8   0x00000008   Code   RO          358    i.ChassisRB_Task    freertos.o
    0x08000900   0x08000900   0x000000a8   Code   RO         9265    i.ChassisRB_task    chassisrb_task.o
    0x080009a8   0x080009a8   0x00000008   Code   RO          359    i.ChassisR_Task     freertos.o
    0x080009b0   0x080009b0   0x00000084   Code   RO         9217    i.ChassisR_task     chassisr_task.o
    0x08000a34   0x08000a34   0x0000001a   Code   RO         9438    i.Check_Sum         bsp_usart1.o
    0x08000a4e   0x08000a4e   0x00000002   PAD
    0x08000a50   0x08000a50   0x000000c4   Code   RO         9289    i.Connect_task      connect_task.o
    0x08000b14   0x08000b14   0x00000010   Code   RO          721    i.DMA1_Stream0_IRQHandler  stm32h7xx_it.o
    0x08000b24   0x08000b24   0x00000010   Code   RO          722    i.DMA1_Stream1_IRQHandler  stm32h7xx_it.o
    0x08000b34   0x08000b34   0x00000010   Code   RO          723    i.DMA1_Stream2_IRQHandler  stm32h7xx_it.o
    0x08000b44   0x08000b44   0x00000010   Code   RO          724    i.DMA1_Stream3_IRQHandler  stm32h7xx_it.o
    0x08000b54   0x08000b54   0x00000010   Code   RO          725    i.DMA1_Stream4_IRQHandler  stm32h7xx_it.o
    0x08000b64   0x08000b64   0x000000ec   Code   RO         2253    i.DMA_CalcBaseAndBitshift  stm32h7xx_hal_dma.o
    0x08000c50   0x08000c50   0x000000c4   Code   RO         2254    i.DMA_CalcDMAMUXChannelBaseAndMask  stm32h7xx_hal_dma.o
    0x08000d14   0x08000d14   0x00000098   Code   RO         2255    i.DMA_CalcDMAMUXRequestGenBaseAndMask  stm32h7xx_hal_dma.o
    0x08000dac   0x08000dac   0x000000ae   Code   RO         2256    i.DMA_CheckFifoParam  stm32h7xx_hal_dma.o
    0x08000e5a   0x08000e5a   0x00000002   PAD
    0x08000e5c   0x08000e5c   0x00000274   Code   RO         2257    i.DMA_SetConfig     stm32h7xx_hal_dma.o
    0x080010d0   0x080010d0   0x00000068   Code   RO         9341    i.DWT_Init          bsp_dwt.o
    0x08001138   0x08001138   0x00000002   Code   RO          726    i.DebugMon_Handler  stm32h7xx_it.o
    0x0800113a   0x0800113a   0x00000006   Code   RO           13    i.Error_Handler     main.o
    0x08001140   0x08001140   0x00000010   Code   RO          727    i.FDCAN1_IT0_IRQHandler  stm32h7xx_it.o
    0x08001150   0x08001150   0x00000010   Code   RO          728    i.FDCAN2_IT0_IRQHandler  stm32h7xx_it.o
    0x08001160   0x08001160   0x00000010   Code   RO          729    i.FDCAN3_IT0_IRQHandler  stm32h7xx_it.o
    0x08001170   0x08001170   0x00000220   Code   RO         4598    i.FDCAN_CalcultateRamBlockAddresses  stm32h7xx_hal_fdcan.o
    0x08001390   0x08001390   0x000000d0   Code   RO         4599    i.FDCAN_CopyMessageToRAM  stm32h7xx_hal_fdcan.o
    0x08001460   0x08001460   0x00000034   Code   RO         9740    i.Get_SerialNum     usbd_desc.o
    0x08001494   0x08001494   0x00000164   Code   RO         4349    i.HAL_ADCEx_MultiModeConfigChannel  stm32h7xx_hal_adc_ex.o
    0x080015f8   0x080015f8   0x00000790   Code   RO         4060    i.HAL_ADC_ConfigChannel  stm32h7xx_hal_adc.o
    0x08001d88   0x08001d88   0x00000340   Code   RO         4069    i.HAL_ADC_Init      stm32h7xx_hal_adc.o
    0x080020c8   0x080020c8   0x00000130   Code   RO          444    i.HAL_ADC_MspInit   adc.o
    0x080021f8   0x080021f8   0x000004dc   Code   RO         2258    i.HAL_DMA_Abort     stm32h7xx_hal_dma.o
    0x080026d4   0x080026d4   0x00000398   Code   RO         2259    i.HAL_DMA_Abort_IT  stm32h7xx_hal_dma.o
    0x08002a6c   0x08002a6c   0x00000af8   Code   RO         2263    i.HAL_DMA_IRQHandler  stm32h7xx_hal_dma.o
    0x08003564   0x08003564   0x00000514   Code   RO         2264    i.HAL_DMA_Init      stm32h7xx_hal_dma.o
    0x08003a78   0x08003a78   0x000003e0   Code   RO         2268    i.HAL_DMA_Start_IT  stm32h7xx_hal_dma.o
    0x08003e58   0x08003e58   0x00000028   Code   RO         3113    i.HAL_Delay         stm32h7xx_hal.o
    0x08003e80   0x08003e80   0x000000a8   Code   RO         4601    i.HAL_FDCAN_ActivateNotification  stm32h7xx_hal_fdcan.o
    0x08003f28   0x08003f28   0x00000090   Code   RO         4603    i.HAL_FDCAN_AddMessageToTxFifoQ  stm32h7xx_hal_fdcan.o
    0x08003fb8   0x08003fb8   0x00000002   Code   RO         4604    i.HAL_FDCAN_ClockCalibrationCallback  stm32h7xx_hal_fdcan.o
    0x08003fba   0x08003fba   0x0000006c   Code   RO         4607    i.HAL_FDCAN_ConfigFifoWatermark  stm32h7xx_hal_fdcan.o
    0x08004026   0x08004026   0x000000a8   Code   RO         4608    i.HAL_FDCAN_ConfigFilter  stm32h7xx_hal_fdcan.o
    0x080040ce   0x080040ce   0x00000034   Code   RO         4609    i.HAL_FDCAN_ConfigGlobalFilter  stm32h7xx_hal_fdcan.o
    0x08004102   0x08004102   0x00000030   Code   RO         4616    i.HAL_FDCAN_DeInit  stm32h7xx_hal_fdcan.o
    0x08004132   0x08004132   0x00000002   Code   RO         4630    i.HAL_FDCAN_ErrorCallback  stm32h7xx_hal_fdcan.o
    0x08004134   0x08004134   0x00000014   Code   RO         9478    i.HAL_FDCAN_ErrorStatusCallback  bsp_fdcan.o
    0x08004148   0x08004148   0x000001f4   Code   RO         4642    i.HAL_FDCAN_GetRxMessage  stm32h7xx_hal_fdcan.o
    0x0800433c   0x0800433c   0x00000002   Code   RO         4648    i.HAL_FDCAN_HighPriorityMessageCallback  stm32h7xx_hal_fdcan.o
    0x0800433e   0x0800433e   0x00000002   PAD
    0x08004340   0x08004340   0x000003d4   Code   RO         4649    i.HAL_FDCAN_IRQHandler  stm32h7xx_hal_fdcan.o
    0x08004714   0x08004714   0x000002e0   Code   RO         4650    i.HAL_FDCAN_Init    stm32h7xx_hal_fdcan.o
    0x080049f4   0x080049f4   0x000000c0   Code   RO          509    i.HAL_FDCAN_MspDeInit  fdcan.o
    0x08004ab4   0x08004ab4   0x000001b4   Code   RO          510    i.HAL_FDCAN_MspInit  fdcan.o
    0x08004c68   0x08004c68   0x00000002   Code   RO         4659    i.HAL_FDCAN_RxBufferNewMessageCallback  stm32h7xx_hal_fdcan.o
    0x08004c6a   0x08004c6a   0x00000002   PAD
    0x08004c6c   0x08004c6c   0x00000034   Code   RO         9479    i.HAL_FDCAN_RxFifo0Callback  bsp_fdcan.o
    0x08004ca0   0x08004ca0   0x00000002   Code   RO         9480    i.HAL_FDCAN_RxFifo1Callback  bsp_fdcan.o
    0x08004ca2   0x08004ca2   0x00000034   Code   RO         4662    i.HAL_FDCAN_Start   stm32h7xx_hal_fdcan.o
    0x08004cd6   0x08004cd6   0x000000a2   Code   RO         4663    i.HAL_FDCAN_Stop    stm32h7xx_hal_fdcan.o
    0x08004d78   0x08004d78   0x00000002   Code   RO         4684    i.HAL_FDCAN_TT_GlobalTimeCallback  stm32h7xx_hal_fdcan.o
    0x08004d7a   0x08004d7a   0x00000002   Code   RO         4685    i.HAL_FDCAN_TT_ScheduleSyncCallback  stm32h7xx_hal_fdcan.o
    0x08004d7c   0x08004d7c   0x00000002   Code   RO         4690    i.HAL_FDCAN_TT_StopWatchCallback  stm32h7xx_hal_fdcan.o
    0x08004d7e   0x08004d7e   0x00000002   Code   RO         4691    i.HAL_FDCAN_TT_TimeMarkCallback  stm32h7xx_hal_fdcan.o
    0x08004d80   0x08004d80   0x00000002   Code   RO         4692    i.HAL_FDCAN_TimeoutOccurredCallback  stm32h7xx_hal_fdcan.o
    0x08004d82   0x08004d82   0x00000002   Code   RO         4693    i.HAL_FDCAN_TimestampWraparoundCallback  stm32h7xx_hal_fdcan.o
    0x08004d84   0x08004d84   0x00000002   Code   RO         4694    i.HAL_FDCAN_TxBufferAbortCallback  stm32h7xx_hal_fdcan.o
    0x08004d86   0x08004d86   0x00000002   Code   RO         4695    i.HAL_FDCAN_TxBufferCompleteCallback  stm32h7xx_hal_fdcan.o
    0x08004d88   0x08004d88   0x00000002   Code   RO         4696    i.HAL_FDCAN_TxEventFifoCallback  stm32h7xx_hal_fdcan.o
    0x08004d8a   0x08004d8a   0x00000002   Code   RO         4697    i.HAL_FDCAN_TxFifoEmptyCallback  stm32h7xx_hal_fdcan.o
    0x08004d8c   0x08004d8c   0x0000016c   Code   RO         2103    i.HAL_GPIO_DeInit   stm32h7xx_hal_gpio.o
    0x08004ef8   0x08004ef8   0x000001f0   Code   RO         2106    i.HAL_GPIO_Init     stm32h7xx_hal_gpio.o
    0x080050e8   0x080050e8   0x0000000c   Code   RO         2110    i.HAL_GPIO_WritePin  stm32h7xx_hal_gpio.o
    0x080050f4   0x080050f4   0x0000000c   Code   RO         3129    i.HAL_GetTick       stm32h7xx_hal.o
    0x08005100   0x08005100   0x00000018   Code   RO         3135    i.HAL_IncTick       stm32h7xx_hal.o
    0x08005118   0x08005118   0x00000060   Code   RO         3136    i.HAL_Init          stm32h7xx_hal.o
    0x08005178   0x08005178   0x000000a0   Code   RO          874    i.HAL_InitTick      stm32h7xx_hal_timebase_tim.o
    0x08005218   0x08005218   0x00000030   Code   RO          850    i.HAL_MspInit       stm32h7xx_hal_msp.o
    0x08005248   0x08005248   0x00000044   Code   RO         2955    i.HAL_NVIC_DisableIRQ  stm32h7xx_hal_cortex.o
    0x0800528c   0x0800528c   0x00000028   Code   RO         2956    i.HAL_NVIC_EnableIRQ  stm32h7xx_hal_cortex.o
    0x080052b4   0x080052b4   0x0000007a   Code   RO         2962    i.HAL_NVIC_SetPriority  stm32h7xx_hal_cortex.o
    0x0800532e   0x0800532e   0x00000002   PAD
    0x08005330   0x08005330   0x00000028   Code   RO         2963    i.HAL_NVIC_SetPriorityGrouping  stm32h7xx_hal_cortex.o
    0x08005358   0x08005358   0x00000028   Code   RO         1151    i.HAL_PCDEx_ActivateLPM  stm32h7xx_hal_pcd_ex.o
    0x08005380   0x08005380   0x00000002   Code   RO         1156    i.HAL_PCDEx_LPM_Callback  stm32h7xx_hal_pcd_ex.o
    0x08005382   0x08005382   0x0000000a   Code   RO         1157    i.HAL_PCDEx_SetRxFiFo  stm32h7xx_hal_pcd_ex.o
    0x0800538c   0x0800538c   0x0000004e   Code   RO         1158    i.HAL_PCDEx_SetTxFiFo  stm32h7xx_hal_pcd_ex.o
    0x080053da   0x080053da   0x0000000e   Code   RO         9893    i.HAL_PCD_ConnectCallback  usbd_conf.o
    0x080053e8   0x080053e8   0x00000020   Code   RO         9894    i.HAL_PCD_DataInStageCallback  usbd_conf.o
    0x08005408   0x08005408   0x00000020   Code   RO         9895    i.HAL_PCD_DataOutStageCallback  usbd_conf.o
    0x08005428   0x08005428   0x0000000e   Code   RO         9896    i.HAL_PCD_DisconnectCallback  usbd_conf.o
    0x08005436   0x08005436   0x00000042   Code   RO          922    i.HAL_PCD_EP_Abort  stm32h7xx_hal_pcd.o
    0x08005478   0x08005478   0x0000006a   Code   RO          923    i.HAL_PCD_EP_Close  stm32h7xx_hal_pcd.o
    0x080054e2   0x080054e2   0x0000007c   Code   RO          924    i.HAL_PCD_EP_ClrStall  stm32h7xx_hal_pcd.o
    0x0800555e   0x0800555e   0x00000016   Code   RO          926    i.HAL_PCD_EP_GetRxCount  stm32h7xx_hal_pcd.o
    0x08005574   0x08005574   0x0000008c   Code   RO          927    i.HAL_PCD_EP_Open   stm32h7xx_hal_pcd.o
    0x08005600   0x08005600   0x00000046   Code   RO          928    i.HAL_PCD_EP_Receive  stm32h7xx_hal_pcd.o
    0x08005646   0x08005646   0x0000008a   Code   RO          929    i.HAL_PCD_EP_SetStall  stm32h7xx_hal_pcd.o
    0x080056d0   0x080056d0   0x00000048   Code   RO          930    i.HAL_PCD_EP_Transmit  stm32h7xx_hal_pcd.o
    0x08005718   0x08005718   0x0000070e   Code   RO          932    i.HAL_PCD_IRQHandler  stm32h7xx_hal_pcd.o
    0x08005e26   0x08005e26   0x00000012   Code   RO         9897    i.HAL_PCD_ISOINIncompleteCallback  usbd_conf.o
    0x08005e38   0x08005e38   0x00000012   Code   RO         9898    i.HAL_PCD_ISOOUTIncompleteCallback  usbd_conf.o
    0x08005e4a   0x08005e4a   0x0000015e   Code   RO          935    i.HAL_PCD_Init      stm32h7xx_hal_pcd.o
    0x08005fa8   0x08005fa8   0x00000070   Code   RO         9900    i.HAL_PCD_MspInit   usbd_conf.o
    0x08006018   0x08006018   0x00000030   Code   RO         9901    i.HAL_PCD_ResetCallback  usbd_conf.o
    0x08006048   0x08006048   0x0000000e   Code   RO         9902    i.HAL_PCD_ResumeCallback  usbd_conf.o
    0x08006056   0x08006056   0x0000000e   Code   RO         9903    i.HAL_PCD_SOFCallback  usbd_conf.o
    0x08006064   0x08006064   0x00000034   Code   RO          941    i.HAL_PCD_SetAddress  stm32h7xx_hal_pcd.o
    0x08006098   0x08006098   0x00000012   Code   RO         9904    i.HAL_PCD_SetupStageCallback  usbd_conf.o
    0x080060aa   0x080060aa   0x0000004c   Code   RO          944    i.HAL_PCD_Start     stm32h7xx_hal_pcd.o
    0x080060f6   0x080060f6   0x00000002   PAD
    0x080060f8   0x080060f8   0x00000034   Code   RO         9905    i.HAL_PCD_SuspendCallback  usbd_conf.o
    0x0800612c   0x0800612c   0x00000060   Code   RO         2707    i.HAL_PWREx_ConfigSupply  stm32h7xx_hal_pwr_ex.o
    0x0800618c   0x0800618c   0x00000014   Code   RO         2724    i.HAL_PWREx_EnableUSBVoltageDetector  stm32h7xx_hal_pwr_ex.o
    0x080061a0   0x080061a0   0x00000024   Code   RO         1649    i.HAL_RCCEx_GetD3PCLK1Freq  stm32h7xx_hal_rcc_ex.o
    0x080061c4   0x080061c4   0x00000230   Code   RO         1650    i.HAL_RCCEx_GetPLL1ClockFreq  stm32h7xx_hal_rcc_ex.o
    0x080063f4   0x080063f4   0x00000230   Code   RO         1651    i.HAL_RCCEx_GetPLL2ClockFreq  stm32h7xx_hal_rcc_ex.o
    0x08006624   0x08006624   0x00000230   Code   RO         1652    i.HAL_RCCEx_GetPLL3ClockFreq  stm32h7xx_hal_rcc_ex.o
    0x08006854   0x08006854   0x000007ac   Code   RO         1654    i.HAL_RCCEx_GetPeriphCLKFreq  stm32h7xx_hal_rcc_ex.o
    0x08007000   0x08007000   0x00000cc8   Code   RO         1658    i.HAL_RCCEx_PeriphCLKConfig  stm32h7xx_hal_rcc_ex.o
    0x08007cc8   0x08007cc8   0x00000320   Code   RO         1534    i.HAL_RCC_ClockConfig  stm32h7xx_hal_rcc.o
    0x08007fe8   0x08007fe8   0x0000006c   Code   RO         1538    i.HAL_RCC_GetClockConfig  stm32h7xx_hal_rcc.o
    0x08008054   0x08008054   0x0000004c   Code   RO         1539    i.HAL_RCC_GetHCLKFreq  stm32h7xx_hal_rcc.o
    0x080080a0   0x080080a0   0x00000024   Code   RO         1541    i.HAL_RCC_GetPCLK1Freq  stm32h7xx_hal_rcc.o
    0x080080c4   0x080080c4   0x00000024   Code   RO         1542    i.HAL_RCC_GetPCLK2Freq  stm32h7xx_hal_rcc.o
    0x080080e8   0x080080e8   0x0000022c   Code   RO         1543    i.HAL_RCC_GetSysClockFreq  stm32h7xx_hal_rcc.o
    0x08008314   0x08008314   0x0000075c   Code   RO         1546    i.HAL_RCC_OscConfig  stm32h7xx_hal_rcc.o
    0x08008a70   0x08008a70   0x00000002   Code   RO         5223    i.HAL_SPI_ErrorCallback  stm32h7xx_hal_spi.o
    0x08008a72   0x08008a72   0x00000002   PAD
    0x08008a74   0x08008a74   0x0000028c   Code   RO         5226    i.HAL_SPI_IRQHandler  stm32h7xx_hal_spi.o
    0x08008d00   0x08008d00   0x000001b0   Code   RO         5227    i.HAL_SPI_Init      stm32h7xx_hal_spi.o
    0x08008eb0   0x08008eb0   0x00000178   Code   RO          583    i.HAL_SPI_MspInit   spi.o
    0x08009028   0x08009028   0x00000002   Code   RO         5233    i.HAL_SPI_RxCpltCallback  stm32h7xx_hal_spi.o
    0x0800902a   0x0800902a   0x00000002   Code   RO         5235    i.HAL_SPI_SuspendCallback  stm32h7xx_hal_spi.o
    0x0800902c   0x0800902c   0x00000002   Code   RO         5242    i.HAL_SPI_TxCpltCallback  stm32h7xx_hal_spi.o
    0x0800902e   0x0800902e   0x00000002   Code   RO         5244    i.HAL_SPI_TxRxCpltCallback  stm32h7xx_hal_spi.o
    0x08009030   0x08009030   0x00000002   Code   RO         6277    i.HAL_TIMEx_Break2Callback  stm32h7xx_hal_tim_ex.o
    0x08009032   0x08009032   0x00000002   Code   RO         6278    i.HAL_TIMEx_BreakCallback  stm32h7xx_hal_tim_ex.o
    0x08009034   0x08009034   0x00000002   Code   RO         6279    i.HAL_TIMEx_CommutCallback  stm32h7xx_hal_tim_ex.o
    0x08009036   0x08009036   0x00000002   PAD
    0x08009038   0x08009038   0x000000e4   Code   RO         6300    i.HAL_TIMEx_MasterConfigSynchronization  stm32h7xx_hal_tim_ex.o
    0x0800911c   0x0800911c   0x0000006e   Code   RO         5552    i.HAL_TIM_Base_Init  stm32h7xx_hal_tim.o
    0x0800918a   0x0800918a   0x00000002   Code   RO         5554    i.HAL_TIM_Base_MspInit  stm32h7xx_hal_tim.o
    0x0800918c   0x0800918c   0x000000cc   Code   RO         5557    i.HAL_TIM_Base_Start_IT  stm32h7xx_hal_tim.o
    0x08009258   0x08009258   0x00000002   Code   RO         5586    i.HAL_TIM_IC_CaptureCallback  stm32h7xx_hal_tim.o
    0x0800925a   0x0800925a   0x00000198   Code   RO         5600    i.HAL_TIM_IRQHandler  stm32h7xx_hal_tim.o
    0x080093f2   0x080093f2   0x00000002   PAD
    0x080093f4   0x080093f4   0x000000a0   Code   RO          624    i.HAL_TIM_MspPostInit  tim.o
    0x08009494   0x08009494   0x00000002   Code   RO         5603    i.HAL_TIM_OC_DelayElapsedCallback  stm32h7xx_hal_tim.o
    0x08009496   0x08009496   0x00000170   Code   RO         5624    i.HAL_TIM_PWM_ConfigChannel  stm32h7xx_hal_tim.o
    0x08009606   0x08009606   0x0000006e   Code   RO         5627    i.HAL_TIM_PWM_Init  stm32h7xx_hal_tim.o
    0x08009674   0x08009674   0x00000058   Code   RO          626    i.HAL_TIM_PWM_MspInit  tim.o
    0x080096cc   0x080096cc   0x00000002   Code   RO         5630    i.HAL_TIM_PWM_PulseFinishedCallback  stm32h7xx_hal_tim.o
    0x080096ce   0x080096ce   0x00000002   PAD
    0x080096d0   0x080096d0   0x000000e4   Code   RO         5635    i.HAL_TIM_PWM_Stop  stm32h7xx_hal_tim.o
    0x080097b4   0x080097b4   0x00000012   Code   RO           14    i.HAL_TIM_PeriodElapsedCallback  main.o
    0x080097c6   0x080097c6   0x00000002   Code   RO         5643    i.HAL_TIM_TriggerCallback  stm32h7xx_hal_tim.o
    0x080097c8   0x080097c8   0x0000004e   Code   RO         7005    i.HAL_UARTEx_DisableFifoMode  stm32h7xx_hal_uart_ex.o
    0x08009816   0x08009816   0x00000062   Code   RO         7011    i.HAL_UARTEx_ReceiveToIdle_DMA  stm32h7xx_hal_uart_ex.o
    0x08009878   0x08009878   0x00000002   Code   RO         9439    i.HAL_UARTEx_RxEventCallback  bsp_usart1.o
    0x0800987a   0x0800987a   0x00000002   Code   RO         7013    i.HAL_UARTEx_RxFifoFullCallback  stm32h7xx_hal_uart_ex.o
    0x0800987c   0x0800987c   0x0000005e   Code   RO         7014    i.HAL_UARTEx_SetRxFifoThreshold  stm32h7xx_hal_uart_ex.o
    0x080098da   0x080098da   0x0000005e   Code   RO         7015    i.HAL_UARTEx_SetTxFifoThreshold  stm32h7xx_hal_uart_ex.o
    0x08009938   0x08009938   0x00000002   Code   RO         7017    i.HAL_UARTEx_TxFifoEmptyCallback  stm32h7xx_hal_uart_ex.o
    0x0800993a   0x0800993a   0x00000002   Code   RO         7018    i.HAL_UARTEx_WakeupCallback  stm32h7xx_hal_uart_ex.o
    0x0800993c   0x0800993c   0x00000002   Code   RO         6605    i.HAL_UART_ErrorCallback  stm32h7xx_hal_uart.o
    0x0800993e   0x0800993e   0x00000002   PAD
    0x08009940   0x08009940   0x00000494   Code   RO         6608    i.HAL_UART_IRQHandler  stm32h7xx_hal_uart.o
    0x08009dd4   0x08009dd4   0x00000078   Code   RO         6609    i.HAL_UART_Init     stm32h7xx_hal_uart.o
    0x08009e4c   0x08009e4c   0x00000130   Code   RO          679    i.HAL_UART_MspInit  usart.o
    0x08009f7c   0x08009f7c   0x00000002   Code   RO         6616    i.HAL_UART_RxCpltCallback  stm32h7xx_hal_uart.o
    0x08009f7e   0x08009f7e   0x00000002   Code   RO         6617    i.HAL_UART_RxHalfCpltCallback  stm32h7xx_hal_uart.o
    0x08009f80   0x08009f80   0x00000002   Code   RO         6621    i.HAL_UART_TxCpltCallback  stm32h7xx_hal_uart.o
    0x08009f82   0x08009f82   0x00000004   Code   RO          730    i.HardFault_Handler  stm32h7xx_it.o
    0x08009f86   0x08009f86   0x0000003e   Code   RO         9741    i.IntToUnicode      usbd_desc.o
    0x08009fc4   0x08009fc4   0x00000012   Code   RO         4085    i.LL_ADC_GetOffsetChannel  stm32h7xx_hal_adc.o
    0x08009fd6   0x08009fd6   0x0000000a   Code   RO         4086    i.LL_ADC_INJ_IsConversionOngoing  stm32h7xx_hal_adc.o
    0x08009fe0   0x08009fe0   0x0000000a   Code   RO         4088    i.LL_ADC_IsEnabled  stm32h7xx_hal_adc.o
    0x08009fea   0x08009fea   0x0000000a   Code   RO         4362    i.LL_ADC_IsEnabled  stm32h7xx_hal_adc_ex.o
    0x08009ff4   0x08009ff4   0x0000000a   Code   RO         4089    i.LL_ADC_IsInternalRegulatorEnabled  stm32h7xx_hal_adc.o
    0x08009ffe   0x08009ffe   0x0000000a   Code   RO         4090    i.LL_ADC_REG_IsConversionOngoing  stm32h7xx_hal_adc.o
    0x0800a008   0x0800a008   0x0000000a   Code   RO         4363    i.LL_ADC_REG_IsConversionOngoing  stm32h7xx_hal_adc_ex.o
    0x0800a012   0x0800a012   0x00000028   Code   RO         4094    i.LL_ADC_SetChannelSamplingTime  stm32h7xx_hal_adc.o
    0x0800a03a   0x0800a03a   0x0000000c   Code   RO         4095    i.LL_ADC_SetCommonPathInternalCh  stm32h7xx_hal_adc.o
    0x0800a046   0x0800a046   0x00000002   PAD
    0x0800a048   0x0800a048   0x00000030   Code   RO         4096    i.LL_ADC_SetOffsetState  stm32h7xx_hal_adc.o
    0x0800a078   0x0800a078   0x000000c0   Code   RO          445    i.MX_ADC1_Init      adc.o
    0x0800a138   0x0800a138   0x00000074   Code   RO          485    i.MX_DMA_Init       dma.o
    0x0800a1ac   0x0800a1ac   0x00000088   Code   RO          511    i.MX_FDCAN1_Init    fdcan.o
    0x0800a234   0x0800a234   0x00000088   Code   RO          512    i.MX_FDCAN2_Init    fdcan.o
    0x0800a2bc   0x0800a2bc   0x00000088   Code   RO          513    i.MX_FDCAN3_Init    fdcan.o
    0x0800a344   0x0800a344   0x000000b4   Code   RO          360    i.MX_FREERTOS_Init  freertos.o
    0x0800a3f8   0x0800a3f8   0x00000174   Code   RO          331    i.MX_GPIO_Init      gpio.o
    0x0800a56c   0x0800a56c   0x00000064   Code   RO          584    i.MX_SPI2_Init      spi.o
    0x0800a5d0   0x0800a5d0   0x00000080   Code   RO          627    i.MX_TIM12_Init     tim.o
    0x0800a650   0x0800a650   0x00000080   Code   RO          628    i.MX_TIM3_Init      tim.o
    0x0800a6d0   0x0800a6d0   0x0000006c   Code   RO          680    i.MX_USART1_UART_Init  usart.o
    0x0800a73c   0x0800a73c   0x00000050   Code   RO         9709    i.MX_USB_DEVICE_Init  usb_device.o
    0x0800a78c   0x0800a78c   0x00000004   Code   RO          731    i.MemManage_Handler  stm32h7xx_it.o
    0x0800a790   0x0800a790   0x00000004   Code   RO          732    i.NMI_Handler       stm32h7xx_it.o
    0x0800a794   0x0800a794   0x00000010   Code   RO          733    i.OTG_HS_IRQHandler  stm32h7xx_it.o
    0x0800a7a4   0x0800a7a4   0x00000064   Code   RO          947    i.PCD_EP_OutSetupPacket_int  stm32h7xx_hal_pcd.o
    0x0800a808   0x0800a808   0x00000144   Code   RO          948    i.PCD_EP_OutXfrComplete_int  stm32h7xx_hal_pcd.o
    0x0800a94c   0x0800a94c   0x000000b6   Code   RO          949    i.PCD_WriteEmptyTxFifo  stm32h7xx_hal_pcd.o
    0x0800aa02   0x0800aa02   0x00000048   Code   RO           15    i.PeriphCommonClock_Config  main.o
    0x0800aa4a   0x0800aa4a   0x00000002   PAD
    0x0800aa4c   0x0800aa4c   0x00000164   Code   RO         1661    i.RCCEx_PLL2_Config  stm32h7xx_hal_rcc_ex.o
    0x0800abb0   0x0800abb0   0x00000164   Code   RO         1662    i.RCCEx_PLL3_Config  stm32h7xx_hal_rcc_ex.o
    0x0800ad14   0x0800ad14   0x00000010   Code   RO          734    i.SPI2_IRQHandler   stm32h7xx_it.o
    0x0800ad24   0x0800ad24   0x000000d6   Code   RO         5247    i.SPI_CloseTransfer  stm32h7xx_hal_spi.o
    0x0800adfa   0x0800adfa   0x0000001c   Code   RO         5248    i.SPI_DMAAbortOnError  stm32h7xx_hal_spi.o
    0x0800ae16   0x0800ae16   0x0000001a   Code   RO         5258    i.SPI_GetPacketSize  stm32h7xx_hal_spi.o
    0x0800ae30   0x0800ae30   0x00000012   Code   RO        10262    i.SWAPBYTE          usbd_ctlreq.o
    0x0800ae42   0x0800ae42   0x0000000e   Code   RO          361    i.StartDefaultTask  freertos.o
    0x0800ae50   0x0800ae50   0x00000034   Code   RO         9114    i.SysTick_Handler   port.o
    0x0800ae84   0x0800ae84   0x000000bc   Code   RO           16    i.SystemClock_Config  main.o
    0x0800af40   0x0800af40   0x000000e0   Code   RO         7129    i.SystemInit        system_stm32h7xx.o
    0x0800b020   0x0800b020   0x00000010   Code   RO          735    i.TIM2_IRQHandler   stm32h7xx_it.o
    0x0800b030   0x0800b030   0x000000f0   Code   RO         5645    i.TIM_Base_SetConfig  stm32h7xx_hal_tim.o
    0x0800b120   0x0800b120   0x00000022   Code   RO         5646    i.TIM_CCxChannelCmd  stm32h7xx_hal_tim.o
    0x0800b142   0x0800b142   0x00000002   PAD
    0x0800b144   0x0800b144   0x000000ac   Code   RO         5658    i.TIM_OC1_SetConfig  stm32h7xx_hal_tim.o
    0x0800b1f0   0x0800b1f0   0x000000b4   Code   RO         5659    i.TIM_OC2_SetConfig  stm32h7xx_hal_tim.o
    0x0800b2a4   0x0800b2a4   0x000000b4   Code   RO         5660    i.TIM_OC3_SetConfig  stm32h7xx_hal_tim.o
    0x0800b358   0x0800b358   0x00000074   Code   RO         5661    i.TIM_OC4_SetConfig  stm32h7xx_hal_tim.o
    0x0800b3cc   0x0800b3cc   0x00000070   Code   RO         5662    i.TIM_OC5_SetConfig  stm32h7xx_hal_tim.o
    0x0800b43c   0x0800b43c   0x00000070   Code   RO         5663    i.TIM_OC6_SetConfig  stm32h7xx_hal_tim.o
    0x0800b4ac   0x0800b4ac   0x00000058   Code   RO         7019    i.UARTEx_SetNbDataToProcess  stm32h7xx_hal_uart_ex.o
    0x0800b504   0x0800b504   0x000000f8   Code   RO         6623    i.UART_AdvFeatureConfig  stm32h7xx_hal_uart.o
    0x0800b5fc   0x0800b5fc   0x000000ea   Code   RO         6624    i.UART_CheckIdleState  stm32h7xx_hal_uart.o
    0x0800b6e6   0x0800b6e6   0x00000018   Code   RO         6625    i.UART_DMAAbortOnError  stm32h7xx_hal_uart.o
    0x0800b6fe   0x0800b6fe   0x0000005e   Code   RO         6626    i.UART_DMAError     stm32h7xx_hal_uart.o
    0x0800b75c   0x0800b75c   0x000000ae   Code   RO         6627    i.UART_DMAReceiveCplt  stm32h7xx_hal_uart.o
    0x0800b80a   0x0800b80a   0x00000026   Code   RO         6629    i.UART_DMARxHalfCplt  stm32h7xx_hal_uart.o
    0x0800b830   0x0800b830   0x0000006c   Code   RO         6635    i.UART_EndRxTransfer  stm32h7xx_hal_uart.o
    0x0800b89c   0x0800b89c   0x00000030   Code   RO         6636    i.UART_EndTransmit_IT  stm32h7xx_hal_uart.o
    0x0800b8cc   0x0800b8cc   0x00000040   Code   RO         6637    i.UART_EndTxTransfer  stm32h7xx_hal_uart.o
    0x0800b90c   0x0800b90c   0x00000628   Code   RO         6642    i.UART_SetConfig    stm32h7xx_hal_uart.o
    0x0800bf34   0x0800bf34   0x000000c8   Code   RO         6643    i.UART_Start_Receive_DMA  stm32h7xx_hal_uart.o
    0x0800bffc   0x0800bffc   0x000000ac   Code   RO         6649    i.UART_WaitOnFlagUntilTimeout  stm32h7xx_hal_uart.o
    0x0800c0a8   0x0800c0a8   0x0000001c   Code   RO          736    i.USART1_IRQHandler  stm32h7xx_it.o
    0x0800c0c4   0x0800c0c4   0x000000c4   Code   RO        10425    i.USBD_CDC_DataIn   usbd_cdc.o
    0x0800c188   0x0800c188   0x00000048   Code   RO        10426    i.USBD_CDC_DataOut  usbd_cdc.o
    0x0800c1d0   0x0800c1d0   0x000000d4   Code   RO        10427    i.USBD_CDC_DeInit   usbd_cdc.o
    0x0800c2a4   0x0800c2a4   0x00000050   Code   RO        10428    i.USBD_CDC_EP0_RxReady  usbd_cdc.o
    0x0800c2f4   0x0800c2f4   0x00000010   Code   RO        10429    i.USBD_CDC_GetDeviceQualifierDescriptor  usbd_cdc.o
    0x0800c304   0x0800c304   0x00000044   Code   RO        10430    i.USBD_CDC_GetFSCfgDesc  usbd_cdc.o
    0x0800c348   0x0800c348   0x00000048   Code   RO        10431    i.USBD_CDC_GetHSCfgDesc  usbd_cdc.o
    0x0800c390   0x0800c390   0x00000044   Code   RO        10432    i.USBD_CDC_GetOtherSpeedCfgDesc  usbd_cdc.o
    0x0800c3d4   0x0800c3d4   0x000001a0   Code   RO        10433    i.USBD_CDC_Init     usbd_cdc.o
    0x0800c574   0x0800c574   0x00000050   Code   RO        10434    i.USBD_CDC_ReceivePacket  usbd_cdc.o
    0x0800c5c4   0x0800c5c4   0x00000018   Code   RO        10435    i.USBD_CDC_RegisterInterface  usbd_cdc.o
    0x0800c5dc   0x0800c5dc   0x0000001e   Code   RO        10436    i.USBD_CDC_SetRxBuffer  usbd_cdc.o
    0x0800c5fa   0x0800c5fa   0x00000024   Code   RO        10437    i.USBD_CDC_SetTxBuffer  usbd_cdc.o
    0x0800c61e   0x0800c61e   0x00000140   Code   RO        10438    i.USBD_CDC_Setup    usbd_cdc.o
    0x0800c75e   0x0800c75e   0x00000002   PAD
    0x0800c760   0x0800c760   0x0000005c   Code   RO        10439    i.USBD_CDC_TransmitPacket  usbd_cdc.o
    0x0800c7bc   0x0800c7bc   0x0000001c   Code   RO        10100    i.USBD_ClrClassConfig  usbd_core.o
    0x0800c7d8   0x0800c7d8   0x0000003e   Code   RO        10263    i.USBD_ClrFeature   usbd_ctlreq.o
    0x0800c816   0x0800c816   0x00000006   Code   RO        10101    i.USBD_CoreFindEP   usbd_core.o
    0x0800c81c   0x0800c81c   0x00000006   Code   RO        10102    i.USBD_CoreFindIF   usbd_core.o
    0x0800c822   0x0800c822   0x00000018   Code   RO        10365    i.USBD_CtlContinueRx  usbd_ioreq.o
    0x0800c83a   0x0800c83a   0x00000018   Code   RO        10366    i.USBD_CtlContinueSendData  usbd_ioreq.o
    0x0800c852   0x0800c852   0x00000018   Code   RO        10264    i.USBD_CtlError     usbd_ctlreq.o
    0x0800c86a   0x0800c86a   0x00000028   Code   RO        10367    i.USBD_CtlPrepareRx  usbd_ioreq.o
    0x0800c892   0x0800c892   0x0000001a   Code   RO        10368    i.USBD_CtlReceiveStatus  usbd_ioreq.o
    0x0800c8ac   0x0800c8ac   0x00000022   Code   RO        10369    i.USBD_CtlSendData  usbd_ioreq.o
    0x0800c8ce   0x0800c8ce   0x0000001a   Code   RO        10370    i.USBD_CtlSendStatus  usbd_ioreq.o
    0x0800c8e8   0x0800c8e8   0x00000056   Code   RO        10265    i.USBD_GetConfig    usbd_ctlreq.o
    0x0800c93e   0x0800c93e   0x00000232   Code   RO        10266    i.USBD_GetDescriptor  usbd_ctlreq.o
    0x0800cb70   0x0800cb70   0x00000050   Code   RO        10104    i.USBD_GetEpDesc    usbd_core.o
    0x0800cbc0   0x0800cbc0   0x00000016   Code   RO        10267    i.USBD_GetLen       usbd_ctlreq.o
    0x0800cbd6   0x0800cbd6   0x00000014   Code   RO        10105    i.USBD_GetNextDesc  usbd_core.o
    0x0800cbea   0x0800cbea   0x0000005a   Code   RO        10268    i.USBD_GetStatus    usbd_ctlreq.o
    0x0800cc44   0x0800cc44   0x00000068   Code   RO        10269    i.USBD_GetString    usbd_ctlreq.o
    0x0800ccac   0x0800ccac   0x0000002c   Code   RO         9906    i.USBD_Get_USB_Status  usbd_conf.o
    0x0800ccd8   0x0800ccd8   0x00000034   Code   RO         9742    i.USBD_HS_ConfigStrDescriptor  usbd_desc.o
    0x0800cd0c   0x0800cd0c   0x00000010   Code   RO         9743    i.USBD_HS_DeviceDescriptor  usbd_desc.o
    0x0800cd1c   0x0800cd1c   0x00000038   Code   RO         9744    i.USBD_HS_InterfaceStrDescriptor  usbd_desc.o
    0x0800cd54   0x0800cd54   0x00000010   Code   RO         9745    i.USBD_HS_LangIDStrDescriptor  usbd_desc.o
    0x0800cd64   0x0800cd64   0x0000002c   Code   RO         9746    i.USBD_HS_ManufacturerStrDescriptor  usbd_desc.o
    0x0800cd90   0x0800cd90   0x00000040   Code   RO         9747    i.USBD_HS_ProductStrDescriptor  usbd_desc.o
    0x0800cdd0   0x0800cdd0   0x00000018   Code   RO         9748    i.USBD_HS_SerialStrDescriptor  usbd_desc.o
    0x0800cde8   0x0800cde8   0x0000003a   Code   RO        10106    i.USBD_Init         usbd_core.o
    0x0800ce22   0x0800ce22   0x00000026   Code   RO         9907    i.USBD_LL_ClearStallEP  usbd_conf.o
    0x0800ce48   0x0800ce48   0x00000026   Code   RO         9908    i.USBD_LL_CloseEP   usbd_conf.o
    0x0800ce6e   0x0800ce6e   0x00000108   Code   RO        10107    i.USBD_LL_DataInStage  usbd_core.o
    0x0800cf76   0x0800cf76   0x00000102   Code   RO        10108    i.USBD_LL_DataOutStage  usbd_core.o
    0x0800d078   0x0800d078   0x00000006   Code   RO        10109    i.USBD_LL_DevConnected  usbd_core.o
    0x0800d07e   0x0800d07e   0x00000026   Code   RO        10110    i.USBD_LL_DevDisconnected  usbd_core.o
    0x0800d0a4   0x0800d0a4   0x00000012   Code   RO         9912    i.USBD_LL_GetRxDataSize  usbd_conf.o
    0x0800d0b6   0x0800d0b6   0x00000002   PAD
    0x0800d0b8   0x0800d0b8   0x00000070   Code   RO         9913    i.USBD_LL_Init      usbd_conf.o
    0x0800d128   0x0800d128   0x00000038   Code   RO         9914    i.USBD_LL_IsStallEP  usbd_conf.o
    0x0800d160   0x0800d160   0x00000048   Code   RO        10111    i.USBD_LL_IsoINIncomplete  usbd_core.o
    0x0800d1a8   0x0800d1a8   0x00000048   Code   RO        10112    i.USBD_LL_IsoOUTIncomplete  usbd_core.o
    0x0800d1f0   0x0800d1f0   0x00000030   Code   RO         9915    i.USBD_LL_OpenEP    usbd_conf.o
    0x0800d220   0x0800d220   0x00000030   Code   RO         9916    i.USBD_LL_PrepareReceive  usbd_conf.o
    0x0800d250   0x0800d250   0x0000006c   Code   RO        10113    i.USBD_LL_Reset     usbd_core.o
    0x0800d2bc   0x0800d2bc   0x00000016   Code   RO        10114    i.USBD_LL_Resume    usbd_core.o
    0x0800d2d2   0x0800d2d2   0x00000028   Code   RO        10115    i.USBD_LL_SOF       usbd_core.o
    0x0800d2fa   0x0800d2fa   0x00000008   Code   RO        10116    i.USBD_LL_SetSpeed  usbd_core.o
    0x0800d302   0x0800d302   0x00000026   Code   RO         9917    i.USBD_LL_SetUSBAddress  usbd_conf.o
    0x0800d328   0x0800d328   0x00000076   Code   RO        10117    i.USBD_LL_SetupStage  usbd_core.o
    0x0800d39e   0x0800d39e   0x00000026   Code   RO         9918    i.USBD_LL_StallEP   usbd_conf.o
    0x0800d3c4   0x0800d3c4   0x0000001e   Code   RO         9919    i.USBD_LL_Start     usbd_conf.o
    0x0800d3e2   0x0800d3e2   0x0000001c   Code   RO        10118    i.USBD_LL_Suspend   usbd_core.o
    0x0800d3fe   0x0800d3fe   0x00000030   Code   RO         9921    i.USBD_LL_Transmit  usbd_conf.o
    0x0800d42e   0x0800d42e   0x00000036   Code   RO        10270    i.USBD_ParseSetupRequest  usbd_ctlreq.o
    0x0800d464   0x0800d464   0x00000048   Code   RO        10119    i.USBD_RegisterClass  usbd_core.o
    0x0800d4ac   0x0800d4ac   0x00000006   Code   RO        10120    i.USBD_RunTestMode  usbd_core.o
    0x0800d4b2   0x0800d4b2   0x0000005a   Code   RO        10271    i.USBD_SetAddress   usbd_ctlreq.o
    0x0800d50c   0x0800d50c   0x00000020   Code   RO        10121    i.USBD_SetClassConfig  usbd_core.o
    0x0800d52c   0x0800d52c   0x00000104   Code   RO        10272    i.USBD_SetConfig    usbd_ctlreq.o
    0x0800d630   0x0800d630   0x00000038   Code   RO        10273    i.USBD_SetFeature   usbd_ctlreq.o
    0x0800d668   0x0800d668   0x0000000c   Code   RO        10122    i.USBD_Start        usbd_core.o
    0x0800d674   0x0800d674   0x000000ae   Code   RO        10274    i.USBD_StdDevReq    usbd_ctlreq.o
    0x0800d722   0x0800d722   0x00000280   Code   RO        10275    i.USBD_StdEPReq     usbd_ctlreq.o
    0x0800d9a2   0x0800d9a2   0x000000ae   Code   RO        10276    i.USBD_StdItfReq    usbd_ctlreq.o
    0x0800da50   0x0800da50   0x00000002   Code   RO         9922    i.USBD_static_free  usbd_conf.o
    0x0800da52   0x0800da52   0x00000002   PAD
    0x0800da54   0x0800da54   0x0000000c   Code   RO         9923    i.USBD_static_malloc  usbd_conf.o
    0x0800da60   0x0800da60   0x000000d0   Code   RO         1223    i.USB_ActivateEndpoint  stm32h7xx_ll_usb.o
    0x0800db30   0x0800db30   0x00000028   Code   RO         1225    i.USB_ActivateSetup  stm32h7xx_ll_usb.o
    0x0800db58   0x0800db58   0x000000a0   Code   RO         1227    i.USB_CoreInit      stm32h7xx_ll_usb.o
    0x0800dbf8   0x0800dbf8   0x00000054   Code   RO         1228    i.USB_CoreReset     stm32h7xx_ll_usb.o
    0x0800dc4c   0x0800dc4c   0x0000014c   Code   RO         1231    i.USB_DeactivateEndpoint  stm32h7xx_ll_usb.o
    0x0800dd98   0x0800dd98   0x00000024   Code   RO         1232    i.USB_DevConnect    stm32h7xx_ll_usb.o
    0x0800ddbc   0x0800ddbc   0x00000024   Code   RO         1233    i.USB_DevDisconnect  stm32h7xx_ll_usb.o
    0x0800dde0   0x0800dde0   0x000001e0   Code   RO         1234    i.USB_DevInit       stm32h7xx_ll_usb.o
    0x0800dfc0   0x0800dfc0   0x0000000e   Code   RO         1235    i.USB_DisableGlobalInt  stm32h7xx_ll_usb.o
    0x0800dfce   0x0800dfce   0x00000002   PAD
    0x0800dfd0   0x0800dfd0   0x00000070   Code   RO         1238    i.USB_EP0_OutStart  stm32h7xx_ll_usb.o
    0x0800e040   0x0800e040   0x0000008e   Code   RO         1239    i.USB_EPClearStall  stm32h7xx_ll_usb.o
    0x0800e0ce   0x0800e0ce   0x0000009a   Code   RO         1240    i.USB_EPSetStall    stm32h7xx_ll_usb.o
    0x0800e168   0x0800e168   0x000003b4   Code   RO         1241    i.USB_EPStartXfer   stm32h7xx_ll_usb.o
    0x0800e51c   0x0800e51c   0x000000ec   Code   RO         1242    i.USB_EPStopXfer    stm32h7xx_ll_usb.o
    0x0800e608   0x0800e608   0x0000000e   Code   RO         1243    i.USB_EnableGlobalInt  stm32h7xx_ll_usb.o
    0x0800e616   0x0800e616   0x00000050   Code   RO         1244    i.USB_FlushRxFifo   stm32h7xx_ll_usb.o
    0x0800e666   0x0800e666   0x00000054   Code   RO         1245    i.USB_FlushTxFifo   stm32h7xx_ll_usb.o
    0x0800e6ba   0x0800e6ba   0x00000026   Code   RO         1247    i.USB_GetDevSpeed   stm32h7xx_ll_usb.o
    0x0800e6e0   0x0800e6e0   0x0000000a   Code   RO         1249    i.USB_GetMode       stm32h7xx_ll_usb.o
    0x0800e6ea   0x0800e6ea   0x00000014   Code   RO         1257    i.USB_ReadDevAllInEpInterrupt  stm32h7xx_ll_usb.o
    0x0800e6fe   0x0800e6fe   0x00000014   Code   RO         1258    i.USB_ReadDevAllOutEpInterrupt  stm32h7xx_ll_usb.o
    0x0800e712   0x0800e712   0x00000032   Code   RO         1259    i.USB_ReadDevInEPInterrupt  stm32h7xx_ll_usb.o
    0x0800e744   0x0800e744   0x0000001a   Code   RO         1260    i.USB_ReadDevOutEPInterrupt  stm32h7xx_ll_usb.o
    0x0800e75e   0x0800e75e   0x0000000a   Code   RO         1261    i.USB_ReadInterrupts  stm32h7xx_ll_usb.o
    0x0800e768   0x0800e768   0x00000060   Code   RO         1262    i.USB_ReadPacket    stm32h7xx_ll_usb.o
    0x0800e7c8   0x0800e7c8   0x00000068   Code   RO         1264    i.USB_SetCurrentMode  stm32h7xx_ll_usb.o
    0x0800e830   0x0800e830   0x0000002a   Code   RO         1265    i.USB_SetDevAddress  stm32h7xx_ll_usb.o
    0x0800e85a   0x0800e85a   0x00000012   Code   RO         1266    i.USB_SetDevSpeed   stm32h7xx_ll_usb.o
    0x0800e86c   0x0800e86c   0x000000e8   Code   RO         1267    i.USB_SetTurnaroundTime  stm32h7xx_ll_usb.o
    0x0800e954   0x0800e954   0x00000044   Code   RO         1270    i.USB_WritePacket   stm32h7xx_ll_usb.o
    0x0800e998   0x0800e998   0x00000004   Code   RO          737    i.UsageFault_Handler  stm32h7xx_it.o
    0x0800e99c   0x0800e99c   0x00000010   Code   RO         2969    i.__NVIC_GetPriorityGrouping  stm32h7xx_hal_cortex.o
    0x0800e9ac   0x0800e9ac   0x00000028   Code   RO         2970    i.__NVIC_SetPriority  stm32h7xx_hal_cortex.o
    0x0800e9d4   0x0800e9d4   0x0000000e   Code   RO        10735    i.__scatterload_copy  mc_w.l(handlers.o)
    0x0800e9e2   0x0800e9e2   0x00000002   Code   RO        10736    i.__scatterload_null  mc_w.l(handlers.o)
    0x0800e9e4   0x0800e9e4   0x0000000e   Code   RO        10737    i.__scatterload_zeroinit  mc_w.l(handlers.o)
    0x0800e9f2   0x0800e9f2   0x00000002   PAD
    0x0800e9f4   0x0800e9f4   0x00000058   Code   RO         9481    i.bsp_can_init      bsp_fdcan.o
    0x0800ea4c   0x0800ea4c   0x0000012e   Code   RO         9482    i.bsp_fdcan_set_baud  bsp_fdcan.o
    0x0800eb7a   0x0800eb7a   0x00000002   PAD
    0x0800eb7c   0x0800eb7c   0x00000044   Code   RO         9483    i.can1_filter_init  bsp_fdcan.o
    0x0800ebc0   0x0800ebc0   0x00000044   Code   RO         9484    i.can2_filter_init  bsp_fdcan.o
    0x0800ec04   0x0800ec04   0x00000044   Code   RO         9485    i.can3_filter_init  bsp_fdcan.o
    0x0800ec48   0x0800ec48   0x0000006e   Code   RO         7374    i.dm4340_fbdata_motor  dm_motor_drv.o
    0x0800ecb6   0x0800ecb6   0x00000002   PAD
    0x0800ecb8   0x0800ecb8   0x00000050   Code   RO         7375    i.dm4340_fbdata_set  dm_motor_drv.o
    0x0800ed08   0x0800ed08   0x000000a2   Code   RO         7378    i.dm_motor_ctrl_send  dm_motor_drv.o
    0x0800edaa   0x0800edaa   0x00000056   Code   RO         7380    i.dm_motor_enable   dm_motor_drv.o
    0x0800ee00   0x0800ee00   0x000000b6   Code   RO         7381    i.dm_motor_fbdata   dm_motor_drv.o
    0x0800eeb6   0x0800eeb6   0x00000002   PAD
    0x0800eeb8   0x0800eeb8   0x000000f4   Code   RO         7308    i.dm_motor_init     dm_motor_ctrl.o
    0x0800efac   0x0800efac   0x00000042   Code   RO         7382    i.enable_motor_mode  dm_motor_drv.o
    0x0800efee   0x0800efee   0x00000002   PAD
    0x0800eff0   0x0800eff0   0x0000014c   Code   RO         7309    i.fdcan1_rx_callback  dm_motor_ctrl.o
    0x0800f13c   0x0800f13c   0x0000014c   Code   RO         7310    i.fdcan2_rx_callback  dm_motor_ctrl.o
    0x0800f288   0x0800f288   0x00000050   Code   RO         7311    i.fdcan3_rx_callback  dm_motor_ctrl.o
    0x0800f2d8   0x0800f2d8   0x00000076   Code   RO         9489    i.fdcanx_receive    bsp_fdcan.o
    0x0800f34e   0x0800f34e   0x0000008a   Code   RO         9490    i.fdcanx_send_data  bsp_fdcan.o
    0x0800f3d8   0x0800f3d8   0x00000032   Code   RO         7383    i.float_to_uint     dm_motor_drv.o
    0x0800f40a   0x0800f40a   0x00000002   PAD
    0x0800f40c   0x0800f40c   0x000000a0   Code   RO           17    i.main              main.o
    0x0800f4ac   0x0800f4ac   0x0000000e   Code   RO         8679    i.makeFreeRtosPriority  cmsis_os.o
    0x0800f4ba   0x0800f4ba   0x00000002   PAD
    0x0800f4bc   0x0800f4bc   0x0000011c   Code   RO         7384    i.mit_ctrl          dm_motor_drv.o
    0x0800f5d8   0x0800f5d8   0x00000018   Code   RO         8681    i.osDelay           cmsis_os.o
    0x0800f5f0   0x0800f5f0   0x0000000a   Code   RO         8684    i.osKernelStart     cmsis_os.o
    0x0800f5fa   0x0800f5fa   0x00000030   Code   RO         8718    i.osThreadCreate    cmsis_os.o
    0x0800f62a   0x0800f62a   0x0000005c   Code   RO         7385    i.pos_ctrl          dm_motor_drv.o
    0x0800f686   0x0800f686   0x00000002   PAD
    0x0800f688   0x0800f688   0x00000098   Code   RO         8356    i.prvAddCurrentTaskToDelayedList  tasks.o
    0x0800f720   0x0800f720   0x000000b4   Code   RO         8357    i.prvAddNewTaskToReadyList  tasks.o
    0x0800f7d4   0x0800f7d4   0x00000048   Code   RO         8358    i.prvCheckTasksWaitingTermination  tasks.o
    0x0800f81c   0x0800f81c   0x00000012   Code   RO         8359    i.prvDeleteTCB      tasks.o
    0x0800f82e   0x0800f82e   0x00000002   PAD
    0x0800f830   0x0800f830   0x0000007c   Code   RO         9046    i.prvHeapInit       heap_4.o
    0x0800f8ac   0x0800f8ac   0x00000028   Code   RO         8360    i.prvIdleTask       tasks.o
    0x0800f8d4   0x0800f8d4   0x000000b4   Code   RO         8361    i.prvInitialiseNewTask  tasks.o
    0x0800f988   0x0800f988   0x00000068   Code   RO         8362    i.prvInitialiseTaskLists  tasks.o
    0x0800f9f0   0x0800f9f0   0x00000068   Code   RO         9047    i.prvInsertBlockIntoFreeList  heap_4.o
    0x0800fa58   0x0800fa58   0x00000034   Code   RO         8363    i.prvResetNextTaskUnblockTime  tasks.o
    0x0800fa8c   0x0800fa8c   0x00000040   Code   RO         9115    i.prvTaskExitError  port.o
    0x0800facc   0x0800facc   0x000000a0   Code   RO         7386    i.psi_ctrl          dm_motor_drv.o
    0x0800fb6c   0x0800fb6c   0x0000014c   Code   RO         9048    i.pvPortMalloc      heap_4.o
    0x0800fcb8   0x0800fcb8   0x0000002c   Code   RO         9116    i.pxPortInitialiseStack  port.o
    0x0800fce4   0x0800fce4   0x00000370   Code   RO         7313    i.receive_motor_data  dm_motor_ctrl.o
    0x08010054   0x08010054   0x00000034   Code   RO         7389    i.save_motor_data   dm_motor_drv.o
    0x08010088   0x08010088   0x000000e4   Code   RO         7391    i.set_motor_zero_offset  dm_motor_drv.o
    0x0801016c   0x0801016c   0x0000003c   Code   RO         7392    i.spd_ctrl          dm_motor_drv.o
    0x080101a8   0x080101a8   0x00000034   Code   RO         7393    i.uint_to_float     dm_motor_drv.o
    0x080101dc   0x080101dc   0x00000028   Code   RO         8009    i.uxListRemove      list.o
    0x08010204   0x08010204   0x0000001a   Code   RO         8010    i.vListInitialise   list.o
    0x0801021e   0x0801021e   0x00000006   Code   RO         8011    i.vListInitialiseItem  list.o
    0x08010224   0x08010224   0x00000034   Code   RO         8012    i.vListInsert       list.o
    0x08010258   0x08010258   0x00000018   Code   RO         8013    i.vListInsertEnd    list.o
    0x08010270   0x08010270   0x00000054   Code   RO         9118    i.vPortEnterCritical  port.o
    0x080102c4   0x080102c4   0x0000003c   Code   RO         9119    i.vPortExitCritical  port.o
    0x08010300   0x08010300   0x000000a4   Code   RO         9049    i.vPortFree         heap_4.o
    0x080103a4   0x080103a4   0x00000028   Code   RO         9120    i.vPortSetupTimerInterrupt  port.o
    0x080103cc   0x080103cc   0x0000005c   Code   RO         8372    i.vTaskDelay        tasks.o
    0x08010428   0x08010428   0x00000088   Code   RO         8385    i.vTaskStartScheduler  tasks.o
    0x080104b0   0x080104b0   0x00000010   Code   RO         8387    i.vTaskSuspendAll   tasks.o
    0x080104c0   0x080104c0   0x0000008c   Code   RO         8388    i.vTaskSwitchContext  tasks.o
    0x0801054c   0x0801054c   0x0000005c   Code   RO         7394    i.write_motor_data  dm_motor_drv.o
    0x080105a8   0x080105a8   0x00000168   Code   RO         9122    i.xPortStartScheduler  port.o
    0x08010710   0x08010710   0x00000060   Code   RO         8391    i.xTaskCreate       tasks.o
    0x08010770   0x08010770   0x00000148   Code   RO         8398    i.xTaskIncrementTick  tasks.o
    0x080108b8   0x080108b8   0x00000104   Code   RO         8404    i.xTaskResumeAll    tasks.o
    0x080109bc   0x080109bc   0x00000078   Data   RO          362    .constdata          freertos.o
    0x08010a34   0x08010a34   0x00000008   Data   RO         2270    .constdata          stm32h7xx_hal_dma.o
    0x08010a3c   0x08010a3c   0x0000005c   Data   RO         4698    .constdata          stm32h7xx_hal_fdcan.o
    0x08010a98   0x08010a98   0x00000018   Data   RO         6650    .constdata          stm32h7xx_hal_uart.o
    0x08010ab0   0x08010ab0   0x00000010   Data   RO         7021    .constdata          stm32h7xx_hal_uart_ex.o
    0x08010ac0   0x08010ac0   0x00000010   Data   RO         7130    .constdata          system_stm32h7xx.o
    0x08010ad0   0x08010ad0   0x0000005c   Data   RO          363    .conststring        freertos.o
    0x08010b2c   0x08010b2c   0x00000020   Data   RO        10733    Region$$Table       anon$$obj.o


    Execution Region RW_IRAM1 (Exec base: 0x20000000, Load base: 0x08010b4c, Size: 0x00000000, Max: 0x00020000, ABSOLUTE)

    **** No section assigned to this execution region ****


    Execution Region RW_IRAM2 (Exec base: 0x24000000, Load base: 0x08010b4c, Size: 0x0000b4f8, Max: 0x00050000, ABSOLUTE, COMPRESSED[0x000000cc])

    Exec Addr    Load Addr    Size         Type   Attr      Idx    E Section Name        Object

    0x24000000   COMPRESSED   0x00000018   Data   RW          364    .data               freertos.o
    0x24000018   COMPRESSED   0x00000004   Data   RW          515    .data               fdcan.o
    0x2400001c   COMPRESSED   0x00000009   Data   RW         3160    .data               stm32h7xx_hal.o
    0x24000025   COMPRESSED   0x00000003   PAD
    0x24000028   COMPRESSED   0x00000008   Data   RW         7131    .data               system_stm32h7xx.o
    0x24000030   COMPRESSED   0x0000003c   Data   RW         8407    .data               tasks.o
    0x2400006c   COMPRESSED   0x00000020   Data   RW         9055    .data               heap_4.o
    0x2400008c   COMPRESSED   0x0000000c   Data   RW         9123    .data               port.o
    0x24000098   COMPRESSED   0x00000004   Data   RW         9290    .data               connect_task.o
    0x2400009c   COMPRESSED   0x00000004   PAD
    0x240000a0   COMPRESSED   0x00000040   Data   RW         9343    .data               bsp_dwt.o
    0x240000e0   COMPRESSED   0x0000005e   Data   RW         9751    .data               usbd_desc.o
    0x2400013e   COMPRESSED   0x00000002   PAD
    0x24000140   COMPRESSED   0x00000014   Data   RW         9843    .data               usbd_cdc_if.o
    0x24000154   COMPRESSED   0x00000001   Data   RW        10277    .data               usbd_ctlreq.o
    0x24000155   COMPRESSED   0x00000003   PAD
    0x24000158   COMPRESSED   0x0000008a   Data   RW        10440    .data               usbd_cdc.o
    0x240001e2   COMPRESSED   0x00000002   PAD
    0x240001e4        -       0x000000e8   Zero   RW          446    .bss                adc.o
    0x240002cc        -       0x000001e0   Zero   RW          514    .bss                fdcan.o
    0x240004ac        -       0x00000178   Zero   RW          585    .bss                spi.o
    0x24000624        -       0x00000098   Zero   RW          629    .bss                tim.o
    0x240006bc        -       0x00000184   Zero   RW          681    .bss                usart.o
    0x24000840        -       0x0000004c   Zero   RW          877    .bss                stm32h7xx_hal_timebase_tim.o
    0x2400088c   COMPRESSED   0x00000004   PAD
    0x24000890        -       0x00000ef8   Zero   RW         7314    .bss                dm_motor_ctrl.o
    0x24001788        -       0x000000f0   Zero   RW         8406    .bss                tasks.o
    0x24001878        -       0x00007800   Zero   RW         9054    .bss                heap_4.o
    0x24009078        -       0x0000009b   Zero   RW         9441    .bss                bsp_usart1.o
    0x24009113   COMPRESSED   0x00000001   PAD
    0x24009114        -       0x000002dc   Zero   RW         9710    .bss                usb_device.o
    0x240093f0        -       0x00000200   Zero   RW         9750    .bss                usbd_desc.o
    0x240095f0        -       0x00001000   Zero   RW         9842    .bss                usbd_cdc_if.o
    0x2400a5f0        -       0x00000704   Zero   RW         9924    .bss                usbd_conf.o
    0x2400acf4   COMPRESSED   0x00000004   PAD
    0x2400acf8        -       0x00000800   Zero   RW            1    STACK               startup_stm32h723xx.o


==============================================================================

Image component sizes


      Code (inc. data)   RO Data    RW Data    ZI Data      Debug   Object Name

       496         38          0          0        232       2239   adc.o
       104         30          0         64          0       2258   bsp_dwt.o
       924         62          0          0          0       7761   bsp_fdcan.o
        28          0          0          0        155       2046   bsp_usart1.o
       132         18          0          0          0        756   chassisl_task.o
       168         22          0          0          0        833   chassislb_task.o
       132         18          0          0          0        756   chassisr_task.o
       168         22          0          0          0        833   chassisrb_task.o
        96          0          0          0          0      13047   cmsis_os.o
       196         14          0          4          0       2741   connect_task.o
      1868        194          0          0       3832       5805   dm_motor_ctrl.o
      1756         78          0          0          0      12836   dm_motor_drv.o
       116          4          0          0          0        882   dma.o
         0          0          0          0          0       5276   event_groups.o
      1036         84          0          4        480       4271   fdcan.o
       234         30        212         24          0       5256   freertos.o
       372         16          0          0          0       1215   gpio.o
       724         74          0         32      30720       7731   heap_4.o
       148          0          0          0          0       3830   list.o
         0          0          0          0          0       1472   mahony_filter.o
       444         28          0          0          0    1308003   main.o
       894         78          0         12          0      11620   port.o
       476         38          0          0        376       2175   spi.o
        36          8        716          0       2048        876   startup_stm32h723xx.o
       172         34          0          9          0      23174   stm32h7xx_hal.o
      3230        164          0          0          0      76464   stm32h7xx_hal_adc.o
       376         20          0          0          0      67523   stm32h7xx_hal_adc_ex.o
       326         28          0          0          0      40332   stm32h7xx_hal_cortex.o
      8650        164          8          0          0      13794   stm32h7xx_hal_dma.o
      3898         54         92          0          0      25484   stm32h7xx_hal_fdcan.o
       872         96          0          0          0       3170   stm32h7xx_hal_gpio.o
        48          6          0          0          0        906   stm32h7xx_hal_msp.o
      3628         16          0          0          0      14492   stm32h7xx_hal_pcd.o
       130          4          0          0          0       3309   stm32h7xx_hal_pcd_ex.o
       116         12          0          0          0       1430   stm32h7xx_hal_pwr_ex.o
      3496        120          0          0          0       7833   stm32h7xx_hal_rcc.o
      7664        184          0          0          0      10955   stm32h7xx_hal_rcc_ex.o
      1362         16          0          0          0       7919   stm32h7xx_hal_spi.o
      2584        254          0          0          0      15180   stm32h7xx_hal_tim.o
       234         38          0          0          0       3404   stm32h7xx_hal_tim_ex.o
       160         18          0          0         76       1667   stm32h7xx_hal_timebase_tim.o
      4280        168         24          0          0      35820   stm32h7xx_hal_uart.o
       458         10         16          0          0       6757   stm32h7xx_hal_uart_ex.o
       226         74          0          0          0       9651   stm32h7xx_it.o
      3894         88          0          0          0      24208   stm32h7xx_ll_usb.o
       224         32         16          8          0       1406   system_stm32h7xx.o
      1866        268          0         60        240      19469   tasks.o
       504         46          0          0        152       3362   tim.o
       412         36          0          0        388       2152   usart.o
        80         16          0          0        732        872   usb_device.o
      1782         54          0        138          0      15061   usbd_cdc.o
       344         32          0         20       4096       4901   usbd_cdc_if.o
       956         30          0          0       1796      18824   usbd_conf.o
      1354          0          0          0          0      17573   usbd_core.o
      2416         22          0          1          0      18672   usbd_ctlreq.o
       386        122          0         94        512       7441   usbd_desc.o
       174          0          0          0          0       5028   usbd_ioreq.o
         0          0          0          0          0       1020   user_lib.o

    ----------------------------------------------------------------------
     66904       3082       1116        484      45844    1913771   Object Totals
         0          0         32          0          0          0   (incl. Generated)
        54          0          0         14          9          0   (incl. Padding)

    ----------------------------------------------------------------------

      Code (inc. data)   RO Data    RW Data    ZI Data      Debug   Library Member Name

        86          0          0          0          0          0   __dczerorl2.o
         0          0          0          0          0          0   entry.o
         0          0          0          0          0          0   entry10a.o
         0          0          0          0          0          0   entry11a.o
         8          4          0          0          0          0   entry2.o
         4          0          0          0          0          0   entry5.o
         0          0          0          0          0          0   entry7b.o
         0          0          0          0          0          0   entry8b.o
         8          4          0          0          0          0   entry9a.o
        30          0          0          0          0          0   handlers.o
        36          8          0          0          0         68   init.o
        30          0          0          0          0         68   llshl.o
        32          0          0          0          0         68   llushr.o
        36          0          0          0          0         68   memcpya.o
        36          0          0          0          0        108   memseta.o
        98          0          0          0          0         92   uldiv.o

    ----------------------------------------------------------------------
       408         16          0          0          0        472   Library Totals
         4          0          0          0          0          0   (incl. Padding)

    ----------------------------------------------------------------------

      Code (inc. data)   RO Data    RW Data    ZI Data      Debug   Library Name

       404         16          0          0          0        472   mc_w.l

    ----------------------------------------------------------------------
       408         16          0          0          0        472   Library Totals

    ----------------------------------------------------------------------

==============================================================================


      Code (inc. data)   RO Data    RW Data    ZI Data      Debug   

     67312       3098       1116        484      45844    1874371   Grand Totals
     67312       3098       1116        204      45844    1874371   ELF Image Totals (compressed)
     67312       3098       1116        204          0          0   ROM Totals

==============================================================================

    Total RO  Size (Code + RO Data)                68428 (  66.82kB)
    Total RW  Size (RW Data + ZI Data)             46328 (  45.24kB)
    Total ROM Size (Code + RO Data + RW Data)      68632 (  67.02kB)

==============================================================================

